192.168.1.232 - - [07/Oct/2011:09:33:28 +0000] "GET /static/jqmobile/js/jqmtab_intercept_url.js HTTP/1.1" 304 - "http://192.168.1.91/jqmtab/clinic/?clinicID=9&date=2011-10-19" "Mozilla/5.0 (Linux; U; Android 2.3; en-in; iBall Slide i7011 Build/GINGERBREAD) AppleWebKit/533.1 (KHTML, like Gecko) Version/4.0 Mobile Safari/533.1"
192.168.1.232 - - [07/Oct/2011:09:33:29 +0000] "GET /tcp?nocache=0.26411390770226717 HTTP/1.1" 200 32 "http://192.168.1.91/jqmtab/clinic/?clinicID=9&date=2011-10-19" "Mozilla/5.0 (Linux; U; Android 2.3; en-in; iBall Slide i7011 Build/GINGERBREAD) AppleWebKit/533.1 (KHTML, like Gecko) Version/4.0 Mobile Safari/533.1"
192.168.1.232 - - [07/Oct/2011:09:33:29 +0000] "GET /static/jqmobile/css/images/icons-18-white.png HTTP/1.1" 304 - "http://192.168.1.91/jqmtab/clinic/?clinicID=9&date=2011-10-19" "Mozilla/5.0 (Linux; U; Android 2.3; en-in; iBall Slide i7011 Build/GINGERBREAD) AppleWebKit/533.1 (KHTML, like Gecko) Version/4.0 Mobile Safari/533.1"
192.168.1.232 - - [07/Oct/2011:09:33:29 +0000] "GET /static/jqmobile/css/images/ajax-loader.png HTTP/1.1" 304 - "http://192.168.1.91/jqmtab/clinic/?clinicID=9&date=2011-10-19" "Mozilla/5.0 (Linux; U; Android 2.3; en-in; iBall Slide i7011 Build/GINGERBREAD) AppleWebKit/533.1 (KHTML, like Gecko) Version/4.0 Mobile Safari/533.1"
192.168.1.232 - - [07/Oct/2011:09:33:29 +0000] "GET /tcp/c8447c3be3d14442a7363401241062a6/longpoll?nocache=0.26411390770226717 HTTP/1.1" 200 68 "http://192.168.1.91/jqmtab/clinic/?clinicID=9&date=2011-10-19" "Mozilla/5.0 (Linux; U; Android 2.3; en-in; iBall Slide i7011 Build/GINGERBREAD) AppleWebKit/533.1 (KHTML, like Gecko) Version/4.0 Mobile Safari/533.1"
192.168.1.232 - - [07/Oct/2011:09:33:29 +0000] "POST /tcp/c8447c3be3d14442a7363401241062a6?nocache=0.26411390770226717&ack=2 HTTP/1.1" 200 2 "http://192.168.1.91/jqmtab/clinic/?clinicID=9&date=2011-10-19" "Mozilla/5.0 (Linux; U; Android 2.3; en-in; iBall Slide i7011 Build/GINGERBREAD) AppleWebKit/533.1 (KHTML, like Gecko) Version/4.0 Mobile Safari/533.1"
192.168.1.232 - - [07/Oct/2011:09:33:29 +0000] "GET /tcp/c8447c3be3d14442a7363401241062a6/longpoll?nocache=0.26411390770226717&ack=2 HTTP/1.1" 200 18 "http://192.168.1.91/jqmtab/clinic/?clinicID=9&date=2011-10-19" "Mozilla/5.0 (Linux; U; Android 2.3; en-in; iBall Slide i7011 Build/GINGERBREAD) AppleWebKit/533.1 (KHTML, like Gecko) Version/4.0 Mobile Safari/533.1"
192.168.1.232 - - [07/Oct/2011:09:33:30 +0000] "POST /tcp/c8447c3be3d14442a7363401241062a6?nocache=0.26411390770226717&ack=3 HTTP/1.1" 200 2 "http://192.168.1.91/jqmtab/clinic/?clinicID=9&date=2011-10-19" "Mozilla/5.0 (Linux; U; Android 2.3; en-in; iBall Slide i7011 Build/GINGERBREAD) AppleWebKit/533.1 (KHTML, like Gecko) Version/4.0 Mobile Safari/533.1"
192.168.1.232 - - [07/Oct/2011:09:33:30 +0000] "GET /tcp/c8447c3be3d14442a7363401241062a6/longpoll?nocache=0.26411390770226717&ack=3 HTTP/1.1" 200 47 "http://192.168.1.91/jqmtab/clinic/?clinicID=9&date=2011-10-19" "Mozilla/5.0 (Linux; U; Android 2.3; en-in; iBall Slide i7011 Build/GINGERBREAD) AppleWebKit/533.1 (KHTML, like Gecko) Version/4.0 Mobile Safari/533.1"
192.168.1.232 - - [07/Oct/2011:09:33:30 +0000] "POST /tcp/c8447c3be3d14442a7363401241062a6?nocache=0.26411390770226717&ack=4 HTTP/1.1" 200 2 "http://192.168.1.91/jqmtab/clinic/?clinicID=9&date=2011-10-19" "Mozilla/5.0 (Linux; U; Android 2.3; en-in; iBall Slide i7011 Build/GINGERBREAD) AppleWebKit/533.1 (KHTML, like Gecko) Version/4.0 Mobile Safari/533.1"
192.168.1.232 - - [07/Oct/2011:09:33:33 +0000] "GET /jqmtab/ HTTP/1.1" 200 11748 "http://192.168.1.91/jqmtab/clinic/?clinicID=9&date=2011-10-19" "Mozilla/5.0 (Linux; U; Android 2.3; en-in; iBall Slide i7011 Build/GINGERBREAD) AppleWebKit/533.1 (KHTML, like Gecko) Version/4.0 Mobile Safari/533.1"
192.168.1.232 - - [07/Oct/2011:09:33:34 +0000] "POST /tcp/c8447c3be3d14442a7363401241062a6?nocache=0.26411390770226717&ack=4 HTTP/1.1" 200 2 "http://192.168.1.91/jqmtab/clinic/?clinicID=9&date=2011-10-19" "Mozilla/5.0 (Linux; U; Android 2.3; en-in; iBall Slide i7011 Build/GINGERBREAD) AppleWebKit/533.1 (KHTML, like Gecko) Version/4.0 Mobile Safari/533.1"
192.168.1.232 - - [07/Oct/2011:09:33:34 +0000] "GET /tcp/c8447c3be3d14442a7363401241062a6/longpoll?nocache=0.26411390770226717&ack=4 HTTP/1.1" 200 30 "http://192.168.1.91/jqmtab/clinic/?clinicID=9&date=2011-10-19" "Mozilla/5.0 (Linux; U; Android 2.3; en-in; iBall Slide i7011 Build/GINGERBREAD) AppleWebKit/533.1 (KHTML, like Gecko) Version/4.0 Mobile Safari/533.1"
192.168.1.232 - - [07/Oct/2011:09:33:37 +0000] "GET /jqmtab/clinic/?clinicID=9&date=2011-10-12 HTTP/1.1" 200 15663 "http://192.168.1.91/jqmtab/clinic/?clinicID=9&date=2011-10-19" "Mozilla/5.0 (Linux; U; Android 2.3; en-in; iBall Slide i7011 Build/GINGERBREAD) AppleWebKit/533.1 (KHTML, like Gecko) Version/4.0 Mobile Safari/533.1"
192.168.1.232 - - [07/Oct/2011:09:33:39 +0000] "GET /tcp?nocache=0.2532956516370177 HTTP/1.1" 200 32 "http://192.168.1.91/jqmtab/clinic/?clinicID=9&date=2011-10-19" "Mozilla/5.0 (Linux; U; Android 2.3; en-in; iBall Slide i7011 Build/GINGERBREAD) AppleWebKit/533.1 (KHTML, like Gecko) Version/4.0 Mobile Safari/533.1"
192.168.1.232 - - [07/Oct/2011:09:33:39 +0000] "GET /tcp/4aae0a8d60594f4fa22c18326f9b5d19/longpoll?nocache=0.2532956516370177 HTTP/1.1" 200 68 "http://192.168.1.91/jqmtab/clinic/?clinicID=9&date=2011-10-19" "Mozilla/5.0 (Linux; U; Android 2.3; en-in; iBall Slide i7011 Build/GINGERBREAD) AppleWebKit/533.1 (KHTML, like Gecko) Version/4.0 Mobile Safari/533.1"
192.168.1.232 - - [07/Oct/2011:09:33:39 +0000] "POST /tcp/4aae0a8d60594f4fa22c18326f9b5d19?nocache=0.2532956516370177&ack=2 HTTP/1.1" 200 2 "http://192.168.1.91/jqmtab/clinic/?clinicID=9&date=2011-10-19" "Mozilla/5.0 (Linux; U; Android 2.3; en-in; iBall Slide i7011 Build/GINGERBREAD) AppleWebKit/533.1 (KHTML, like Gecko) Version/4.0 Mobile Safari/533.1"
192.168.1.232 - - [07/Oct/2011:09:33:39 +0000] "GET /tcp/4aae0a8d60594f4fa22c18326f9b5d19/longpoll?nocache=0.2532956516370177&ack=2 HTTP/1.1" 200 18 "http://192.168.1.91/jqmtab/clinic/?clinicID=9&date=2011-10-19" "Mozilla/5.0 (Linux; U; Android 2.3; en-in; iBall Slide i7011 Build/GINGERBREAD) AppleWebKit/533.1 (KHTML, like Gecko) Version/4.0 Mobile Safari/533.1"
192.168.1.232 - - [07/Oct/2011:09:33:39 +0000] "POST /tcp/4aae0a8d60594f4fa22c18326f9b5d19?nocache=0.2532956516370177&ack=3 HTTP/1.1" 200 2 "http://192.168.1.91/jqmtab/clinic/?clinicID=9&date=2011-10-19" "Mozilla/5.0 (Linux; U; Android 2.3; en-in; iBall Slide i7011 Build/GINGERBREAD) AppleWebKit/533.1 (KHTML, like Gecko) Version/4.0 Mobile Safari/533.1"
192.168.1.232 - - [07/Oct/2011:09:33:39 +0000] "GET /tcp/4aae0a8d60594f4fa22c18326f9b5d19/longpoll?nocache=0.2532956516370177&ack=3 HTTP/1.1" 200 47 "http://192.168.1.91/jqmtab/clinic/?clinicID=9&date=2011-10-19" "Mozilla/5.0 (Linux; U; Android 2.3; en-in; iBall Slide i7011 Build/GINGERBREAD) AppleWebKit/533.1 (KHTML, like Gecko) Version/4.0 Mobile Safari/533.1"
192.168.1.232 - - [07/Oct/2011:09:33:39 +0000] "POST /tcp/4aae0a8d60594f4fa22c18326f9b5d19?nocache=0.2532956516370177&ack=4 HTTP/1.1" 200 2 "http://192.168.1.91/jqmtab/clinic/?clinicID=9&date=2011-10-19" "Mozilla/5.0 (Linux; U; Android 2.3; en-in; iBall Slide i7011 Build/GINGERBREAD) AppleWebKit/533.1 (KHTML, like Gecko) Version/4.0 Mobile Safari/533.1"
192.168.1.91 - - [07/Oct/2011:09:33:45 +0000] "GET /tcp/fcd24e3b4a4b408dafe16a84b7fca513/longpoll?nocache=0.4725330581422895&ack=17 HTTP/1.1" 200 - "http://ditchyourip.com/jqmtab/clinic/?clinicID=9&date=2011-10-19" "Mozilla/5.0 (X11; Linux x86_64) AppleWebKit/534.30 (KHTML, like Gecko) Ubuntu/10.04 Chromium/12.0.742.112 Chrome/12.0.742.112 Safari/534.30"
192.168.1.91 - - [07/Oct/2011:09:33:45 +0000] "GET /tcp/fcd24e3b4a4b408dafe16a84b7fca513/longpoll?nocache=0.4725330581422895&ack=17 HTTP/1.1" 200 12 "http://ditchyourip.com/jqmtab/clinic/?clinicID=9&date=2011-10-19" "Mozilla/5.0 (X11; Linux x86_64) AppleWebKit/534.30 (KHTML, like Gecko) Ubuntu/10.04 Chromium/12.0.742.112 Chrome/12.0.742.112 Safari/534.30"
192.168.1.232 - - [07/Oct/2011:09:33:51 +0000] "GET /jqmtab/ HTTP/1.1" 200 11748 "http://192.168.1.91/jqmtab/clinic/?clinicID=9&date=2011-10-19" "Mozilla/5.0 (Linux; U; Android 2.3; en-in; iBall Slide i7011 Build/GINGERBREAD) AppleWebKit/533.1 (KHTML, like Gecko) Version/4.0 Mobile Safari/533.1"
192.168.1.232 - - [07/Oct/2011:09:33:52 +0000] "POST /tcp/4aae0a8d60594f4fa22c18326f9b5d19?nocache=0.2532956516370177&ack=4 HTTP/1.1" 200 2 "http://192.168.1.91/jqmtab/clinic/?clinicID=9&date=2011-10-19" "Mozilla/5.0 (Linux; U; Android 2.3; en-in; iBall Slide i7011 Build/GINGERBREAD) AppleWebKit/533.1 (KHTML, like Gecko) Version/4.0 Mobile Safari/533.1"
192.168.1.232 - - [07/Oct/2011:09:33:52 +0000] "GET /tcp/4aae0a8d60594f4fa22c18326f9b5d19/longpoll?nocache=0.2532956516370177&ack=4 HTTP/1.1" 200 30 "http://192.168.1.91/jqmtab/clinic/?clinicID=9&date=2011-10-19" "Mozilla/5.0 (Linux; U; Android 2.3; en-in; iBall Slide i7011 Build/GINGERBREAD) AppleWebKit/533.1 (KHTML, like Gecko) Version/4.0 Mobile Safari/533.1"
192.168.1.232 - - [07/Oct/2011:09:34:00 +0000] "GET /jqmtab/changedate/ HTTP/1.1" 200 439 "http://192.168.1.91/jqmtab/clinic/?clinicID=9&date=2011-10-19" "Mozilla/5.0 (Linux; U; Android 2.3; en-in; iBall Slide i7011 Build/GINGERBREAD) AppleWebKit/533.1 (KHTML, like Gecko) Version/4.0 Mobile Safari/533.1"
192.168.1.232 - - [07/Oct/2011:09:34:04 +0000] "GET /jqmtab/ HTTP/1.1" 200 11748 "http://192.168.1.91/jqmtab/clinic/?clinicID=9&date=2011-10-19" "Mozilla/5.0 (Linux; U; Android 2.3; en-in; iBall Slide i7011 Build/GINGERBREAD) AppleWebKit/533.1 (KHTML, like Gecko) Version/4.0 Mobile Safari/533.1"
192.168.1.232 - - [07/Oct/2011:09:34:09 +0000] "GET /jqmtab/clinic/?clinicID=9&date=2011-10-12 HTTP/1.1" 200 15663 "http://192.168.1.91/jqmtab/clinic/?clinicID=9&date=2011-10-19" "Mozilla/5.0 (Linux; U; Android 2.3; en-in; iBall Slide i7011 Build/GINGERBREAD) AppleWebKit/533.1 (KHTML, like Gecko) Version/4.0 Mobile Safari/533.1"
192.168.1.232 - - [07/Oct/2011:09:34:11 +0000] "GET /tcp?nocache=0.8557320414111018 HTTP/1.1" 200 32 "http://192.168.1.91/jqmtab/clinic/?clinicID=9&date=2011-10-19" "Mozilla/5.0 (Linux; U; Android 2.3; en-in; iBall Slide i7011 Build/GINGERBREAD) AppleWebKit/533.1 (KHTML, like Gecko) Version/4.0 Mobile Safari/533.1"
192.168.1.232 - - [07/Oct/2011:09:34:11 +0000] "GET /tcp/1ebfaa1ffce34aefbf9d74db1659e947/longpoll?nocache=0.8557320414111018 HTTP/1.1" 200 68 "http://192.168.1.91/jqmtab/clinic/?clinicID=9&date=2011-10-19" "Mozilla/5.0 (Linux; U; Android 2.3; en-in; iBall Slide i7011 Build/GINGERBREAD) AppleWebKit/533.1 (KHTML, like Gecko) Version/4.0 Mobile Safari/533.1"
192.168.1.232 - - [07/Oct/2011:09:34:11 +0000] "POST /tcp/1ebfaa1ffce34aefbf9d74db1659e947?nocache=0.8557320414111018&ack=2 HTTP/1.1" 200 2 "http://192.168.1.91/jqmtab/clinic/?clinicID=9&date=2011-10-19" "Mozilla/5.0 (Linux; U; Android 2.3; en-in; iBall Slide i7011 Build/GINGERBREAD) AppleWebKit/533.1 (KHTML, like Gecko) Version/4.0 Mobile Safari/533.1"
192.168.1.232 - - [07/Oct/2011:09:34:11 +0000] "GET /tcp/1ebfaa1ffce34aefbf9d74db1659e947/longpoll?nocache=0.8557320414111018&ack=2 HTTP/1.1" 200 18 "http://192.168.1.91/jqmtab/clinic/?clinicID=9&date=2011-10-19" "Mozilla/5.0 (Linux; U; Android 2.3; en-in; iBall Slide i7011 Build/GINGERBREAD) AppleWebKit/533.1 (KHTML, like Gecko) Version/4.0 Mobile Safari/533.1"
192.168.1.232 - - [07/Oct/2011:09:34:11 +0000] "POST /tcp/1ebfaa1ffce34aefbf9d74db1659e947?nocache=0.8557320414111018&ack=3 HTTP/1.1" 200 2 "http://192.168.1.91/jqmtab/clinic/?clinicID=9&date=2011-10-19" "Mozilla/5.0 (Linux; U; Android 2.3; en-in; iBall Slide i7011 Build/GINGERBREAD) AppleWebKit/533.1 (KHTML, like Gecko) Version/4.0 Mobile Safari/533.1"
192.168.1.232 - - [07/Oct/2011:09:34:11 +0000] "GET /tcp/1ebfaa1ffce34aefbf9d74db1659e947/longpoll?nocache=0.8557320414111018&ack=3 HTTP/1.1" 200 47 "http://192.168.1.91/jqmtab/clinic/?clinicID=9&date=2011-10-19" "Mozilla/5.0 (Linux; U; Android 2.3; en-in; iBall Slide i7011 Build/GINGERBREAD) AppleWebKit/533.1 (KHTML, like Gecko) Version/4.0 Mobile Safari/533.1"
192.168.1.232 - - [07/Oct/2011:09:34:11 +0000] "POST /tcp/1ebfaa1ffce34aefbf9d74db1659e947?nocache=0.8557320414111018&ack=4 HTTP/1.1" 200 2 "http://192.168.1.91/jqmtab/clinic/?clinicID=9&date=2011-10-19" "Mozilla/5.0 (Linux; U; Android 2.3; en-in; iBall Slide i7011 Build/GINGERBREAD) AppleWebKit/533.1 (KHTML, like Gecko) Version/4.0 Mobile Safari/533.1"
192.168.1.232 - - [07/Oct/2011:09:34:13 +0000] "GET /jqmtab/patient/114/ HTTP/1.1" 200 3877 "http://192.168.1.91/jqmtab/clinic/?clinicID=9&date=2011-10-19" "Mozilla/5.0 (Linux; U; Android 2.3; en-in; iBall Slide i7011 Build/GINGERBREAD) AppleWebKit/533.1 (KHTML, like Gecko) Version/4.0 Mobile Safari/533.1"
192.168.1.232 - - [07/Oct/2011:09:34:14 +0000] "POST /tcp/1ebfaa1ffce34aefbf9d74db1659e947?nocache=0.8557320414111018&ack=4 HTTP/1.1" 200 2 "http://192.168.1.91/jqmtab/clinic/?clinicID=9&date=2011-10-19" "Mozilla/5.0 (Linux; U; Android 2.3; en-in; iBall Slide i7011 Build/GINGERBREAD) AppleWebKit/533.1 (KHTML, like Gecko) Version/4.0 Mobile Safari/533.1"
192.168.1.232 - - [07/Oct/2011:09:34:14 +0000] "GET /tcp/1ebfaa1ffce34aefbf9d74db1659e947/longpoll?nocache=0.8557320414111018&ack=4 HTTP/1.1" 200 30 "http://192.168.1.91/jqmtab/clinic/?clinicID=9&date=2011-10-19" "Mozilla/5.0 (Linux; U; Android 2.3; en-in; iBall Slide i7011 Build/GINGERBREAD) AppleWebKit/533.1 (KHTML, like Gecko) Version/4.0 Mobile Safari/533.1"
192.168.1.91 - - [07/Oct/2011:09:34:15 +0000] "GET /tcp/fcd24e3b4a4b408dafe16a84b7fca513/longpoll?nocache=0.4725330581422895&ack=18 HTTP/1.1" 200 - "http://ditchyourip.com/jqmtab/clinic/?clinicID=9&date=2011-10-19" "Mozilla/5.0 (X11; Linux x86_64) AppleWebKit/534.30 (KHTML, like Gecko) Ubuntu/10.04 Chromium/12.0.742.112 Chrome/12.0.742.112 Safari/534.30"
192.168.1.91 - - [07/Oct/2011:09:34:15 +0000] "GET /tcp/fcd24e3b4a4b408dafe16a84b7fca513/longpoll?nocache=0.4725330581422895&ack=18 HTTP/1.1" 200 12 "http://ditchyourip.com/jqmtab/clinic/?clinicID=9&date=2011-10-19" "Mozilla/5.0 (X11; Linux x86_64) AppleWebKit/534.30 (KHTML, like Gecko) Ubuntu/10.04 Chromium/12.0.742.112 Chrome/12.0.742.112 Safari/534.30"
192.168.1.232 - - [07/Oct/2011:09:34:22 +0000] "GET /jqmtab/shadow_payment_procedure/114/ HTTP/1.1" 200 3848 "http://192.168.1.91/jqmtab/clinic/?clinicID=9&date=2011-10-19" "Mozilla/5.0 (Linux; U; Android 2.3; en-in; iBall Slide i7011 Build/GINGERBREAD) AppleWebKit/533.1 (KHTML, like Gecko) Version/4.0 Mobile Safari/533.1"
192.168.1.232 - - [07/Oct/2011:09:34:24 +0000] "POST /patientinterrupts/ HTTP/1.1" 200 53 "http://192.168.1.91/jqmtab/clinic/?clinicID=9&date=2011-10-19" "Mozilla/5.0 (Linux; U; Android 2.3; en-in; iBall Slide i7011 Build/GINGERBREAD) AppleWebKit/533.1 (KHTML, like Gecko) Version/4.0 Mobile Safari/533.1"
192.168.1.232 - - [07/Oct/2011:09:34:26 +0000] "GET /jqmtab/clinic/?clinicID=9&date=2011-10-12 HTTP/1.1" 200 15663 "http://192.168.1.91/jqmtab/clinic/?clinicID=9&date=2011-10-19" "Mozilla/5.0 (Linux; U; Android 2.3; en-in; iBall Slide i7011 Build/GINGERBREAD) AppleWebKit/533.1 (KHTML, like Gecko) Version/4.0 Mobile Safari/533.1"
192.168.1.232 - - [07/Oct/2011:09:34:27 +0000] "GET /tcp?nocache=0.8074676170945168 HTTP/1.1" 200 32 "http://192.168.1.91/jqmtab/clinic/?clinicID=9&date=2011-10-19" "Mozilla/5.0 (Linux; U; Android 2.3; en-in; iBall Slide i7011 Build/GINGERBREAD) AppleWebKit/533.1 (KHTML, like Gecko) Version/4.0 Mobile Safari/533.1"
192.168.1.232 - - [07/Oct/2011:09:34:27 +0000] "GET /tcp/1b25938906114a43974754f297896b4b/longpoll?nocache=0.8074676170945168 HTTP/1.1" 200 68 "http://192.168.1.91/jqmtab/clinic/?clinicID=9&date=2011-10-19" "Mozilla/5.0 (Linux; U; Android 2.3; en-in; iBall Slide i7011 Build/GINGERBREAD) AppleWebKit/533.1 (KHTML, like Gecko) Version/4.0 Mobile Safari/533.1"
192.168.1.232 - - [07/Oct/2011:09:34:28 +0000] "POST /tcp/1b25938906114a43974754f297896b4b?nocache=0.8074676170945168&ack=2 HTTP/1.1" 200 2 "http://192.168.1.91/jqmtab/clinic/?clinicID=9&date=2011-10-19" "Mozilla/5.0 (Linux; U; Android 2.3; en-in; iBall Slide i7011 Build/GINGERBREAD) AppleWebKit/533.1 (KHTML, like Gecko) Version/4.0 Mobile Safari/533.1"
192.168.1.232 - - [07/Oct/2011:09:34:28 +0000] "GET /tcp/1b25938906114a43974754f297896b4b/longpoll?nocache=0.8074676170945168&ack=2 HTTP/1.1" 200 18 "http://192.168.1.91/jqmtab/clinic/?clinicID=9&date=2011-10-19" "Mozilla/5.0 (Linux; U; Android 2.3; en-in; iBall Slide i7011 Build/GINGERBREAD) AppleWebKit/533.1 (KHTML, like Gecko) Version/4.0 Mobile Safari/533.1"
192.168.1.232 - - [07/Oct/2011:09:34:28 +0000] "POST /tcp/1b25938906114a43974754f297896b4b?nocache=0.8074676170945168&ack=3 HTTP/1.1" 200 2 "http://192.168.1.91/jqmtab/clinic/?clinicID=9&date=2011-10-19" "Mozilla/5.0 (Linux; U; Android 2.3; en-in; iBall Slide i7011 Build/GINGERBREAD) AppleWebKit/533.1 (KHTML, like Gecko) Version/4.0 Mobile Safari/533.1"
192.168.1.232 - - [07/Oct/2011:09:34:28 +0000] "GET /tcp/1b25938906114a43974754f297896b4b/longpoll?nocache=0.8074676170945168&ack=3 HTTP/1.1" 200 47 "http://192.168.1.91/jqmtab/clinic/?clinicID=9&date=2011-10-19" "Mozilla/5.0 (Linux; U; Android 2.3; en-in; iBall Slide i7011 Build/GINGERBREAD) AppleWebKit/533.1 (KHTML, like Gecko) Version/4.0 Mobile Safari/533.1"
192.168.1.232 - - [07/Oct/2011:09:34:28 +0000] "POST /tcp/1b25938906114a43974754f297896b4b?nocache=0.8074676170945168&ack=4 HTTP/1.1" 200 2 "http://192.168.1.91/jqmtab/clinic/?clinicID=9&date=2011-10-19" "Mozilla/5.0 (Linux; U; Android 2.3; en-in; iBall Slide i7011 Build/GINGERBREAD) AppleWebKit/533.1 (KHTML, like Gecko) Version/4.0 Mobile Safari/533.1"
192.168.1.232 - - [07/Oct/2011:09:34:41 +0000] "GET /jqmtab/ HTTP/1.1" 200 11748 "http://192.168.1.91/jqmtab/clinic/?clinicID=9&date=2011-10-19" "Mozilla/5.0 (Linux; U; Android 2.3; en-in; iBall Slide i7011 Build/GINGERBREAD) AppleWebKit/533.1 (KHTML, like Gecko) Version/4.0 Mobile Safari/533.1"
192.168.1.232 - - [07/Oct/2011:09:34:42 +0000] "POST /tcp/1b25938906114a43974754f297896b4b?nocache=0.8074676170945168&ack=4 HTTP/1.1" 200 2 "http://192.168.1.91/jqmtab/clinic/?clinicID=9&date=2011-10-19" "Mozilla/5.0 (Linux; U; Android 2.3; en-in; iBall Slide i7011 Build/GINGERBREAD) AppleWebKit/533.1 (KHTML, like Gecko) Version/4.0 Mobile Safari/533.1"
192.168.1.232 - - [07/Oct/2011:09:34:42 +0000] "GET /tcp/1b25938906114a43974754f297896b4b/longpoll?nocache=0.8074676170945168&ack=4 HTTP/1.1" 200 30 "http://192.168.1.91/jqmtab/clinic/?clinicID=9&date=2011-10-19" "Mozilla/5.0 (Linux; U; Android 2.3; en-in; iBall Slide i7011 Build/GINGERBREAD) AppleWebKit/533.1 (KHTML, like Gecko) Version/4.0 Mobile Safari/533.1"
192.168.1.91 - - [07/Oct/2011:09:34:45 +0000] "GET /tcp/fcd24e3b4a4b408dafe16a84b7fca513/longpoll?nocache=0.4725330581422895&ack=19 HTTP/1.1" 200 - "http://ditchyourip.com/jqmtab/clinic/?clinicID=9&date=2011-10-19" "Mozilla/5.0 (X11; Linux x86_64) AppleWebKit/534.30 (KHTML, like Gecko) Ubuntu/10.04 Chromium/12.0.742.112 Chrome/12.0.742.112 Safari/534.30"
192.168.1.91 - - [07/Oct/2011:09:34:45 +0000] "GET /tcp/fcd24e3b4a4b408dafe16a84b7fca513/longpoll?nocache=0.4725330581422895&ack=19 HTTP/1.1" 200 12 "http://ditchyourip.com/jqmtab/clinic/?clinicID=9&date=2011-10-19" "Mozilla/5.0 (X11; Linux x86_64) AppleWebKit/534.30 (KHTML, like Gecko) Ubuntu/10.04 Chromium/12.0.742.112 Chrome/12.0.742.112 Safari/534.30"
192.168.1.232 - - [07/Oct/2011:09:34:49 +0000] "GET /jqmtab/clinic/?clinicID=9&date=2011-10-12 HTTP/1.1" 200 15663 "http://192.168.1.91/jqmtab/clinic/?clinicID=9&date=2011-10-19" "Mozilla/5.0 (Linux; U; Android 2.3; en-in; iBall Slide i7011 Build/GINGERBREAD) AppleWebKit/533.1 (KHTML, like Gecko) Version/4.0 Mobile Safari/533.1"
192.168.1.232 - - [07/Oct/2011:09:34:50 +0000] "GET /tcp?nocache=0.20562602300196886 HTTP/1.1" 200 32 "http://192.168.1.91/jqmtab/clinic/?clinicID=9&date=2011-10-19" "Mozilla/5.0 (Linux; U; Android 2.3; en-in; iBall Slide i7011 Build/GINGERBREAD) AppleWebKit/533.1 (KHTML, like Gecko) Version/4.0 Mobile Safari/533.1"
192.168.1.232 - - [07/Oct/2011:09:34:50 +0000] "GET /tcp/aefe0d93173b497989d0bf2d94100824/longpoll?nocache=0.20562602300196886 HTTP/1.1" 200 68 "http://192.168.1.91/jqmtab/clinic/?clinicID=9&date=2011-10-19" "Mozilla/5.0 (Linux; U; Android 2.3; en-in; iBall Slide i7011 Build/GINGERBREAD) AppleWebKit/533.1 (KHTML, like Gecko) Version/4.0 Mobile Safari/533.1"
192.168.1.232 - - [07/Oct/2011:09:34:50 +0000] "POST /tcp/aefe0d93173b497989d0bf2d94100824?nocache=0.20562602300196886&ack=2 HTTP/1.1" 200 2 "http://192.168.1.91/jqmtab/clinic/?clinicID=9&date=2011-10-19" "Mozilla/5.0 (Linux; U; Android 2.3; en-in; iBall Slide i7011 Build/GINGERBREAD) AppleWebKit/533.1 (KHTML, like Gecko) Version/4.0 Mobile Safari/533.1"
192.168.1.232 - - [07/Oct/2011:09:34:50 +0000] "GET /tcp/aefe0d93173b497989d0bf2d94100824/longpoll?nocache=0.20562602300196886&ack=2 HTTP/1.1" 200 18 "http://192.168.1.91/jqmtab/clinic/?clinicID=9&date=2011-10-19" "Mozilla/5.0 (Linux; U; Android 2.3; en-in; iBall Slide i7011 Build/GINGERBREAD) AppleWebKit/533.1 (KHTML, like Gecko) Version/4.0 Mobile Safari/533.1"
192.168.1.232 - - [07/Oct/2011:09:34:50 +0000] "POST /tcp/aefe0d93173b497989d0bf2d94100824?nocache=0.20562602300196886&ack=3 HTTP/1.1" 200 2 "http://192.168.1.91/jqmtab/clinic/?clinicID=9&date=2011-10-19" "Mozilla/5.0 (Linux; U; Android 2.3; en-in; iBall Slide i7011 Build/GINGERBREAD) AppleWebKit/533.1 (KHTML, like Gecko) Version/4.0 Mobile Safari/533.1"
192.168.1.232 - - [07/Oct/2011:09:34:50 +0000] "GET /tcp/aefe0d93173b497989d0bf2d94100824/longpoll?nocache=0.20562602300196886&ack=3 HTTP/1.1" 200 47 "http://192.168.1.91/jqmtab/clinic/?clinicID=9&date=2011-10-19" "Mozilla/5.0 (Linux; U; Android 2.3; en-in; iBall Slide i7011 Build/GINGERBREAD) AppleWebKit/533.1 (KHTML, like Gecko) Version/4.0 Mobile Safari/533.1"
192.168.1.232 - - [07/Oct/2011:09:34:50 +0000] "POST /tcp/aefe0d93173b497989d0bf2d94100824?nocache=0.20562602300196886&ack=4 HTTP/1.1" 200 2 "http://192.168.1.91/jqmtab/clinic/?clinicID=9&date=2011-10-19" "Mozilla/5.0 (Linux; U; Android 2.3; en-in; iBall Slide i7011 Build/GINGERBREAD) AppleWebKit/533.1 (KHTML, like Gecko) Version/4.0 Mobile Safari/533.1"
192.168.1.232 - - [07/Oct/2011:09:34:55 +0000] "GET /jqmtab/ HTTP/1.1" 200 11748 "http://192.168.1.91/jqmtab/clinic/?clinicID=9&date=2011-10-19" "Mozilla/5.0 (Linux; U; Android 2.3; en-in; iBall Slide i7011 Build/GINGERBREAD) AppleWebKit/533.1 (KHTML, like Gecko) Version/4.0 Mobile Safari/533.1"
192.168.1.232 - - [07/Oct/2011:09:34:56 +0000] "POST /tcp/aefe0d93173b497989d0bf2d94100824?nocache=0.20562602300196886&ack=4 HTTP/1.1" 200 2 "http://192.168.1.91/jqmtab/clinic/?clinicID=9&date=2011-10-19" "Mozilla/5.0 (Linux; U; Android 2.3; en-in; iBall Slide i7011 Build/GINGERBREAD) AppleWebKit/533.1 (KHTML, like Gecko) Version/4.0 Mobile Safari/533.1"
192.168.1.232 - - [07/Oct/2011:09:34:56 +0000] "GET /tcp/aefe0d93173b497989d0bf2d94100824/longpoll?nocache=0.20562602300196886&ack=4 HTTP/1.1" 200 30 "http://192.168.1.91/jqmtab/clinic/?clinicID=9&date=2011-10-19" "Mozilla/5.0 (Linux; U; Android 2.3; en-in; iBall Slide i7011 Build/GINGERBREAD) AppleWebKit/533.1 (KHTML, like Gecko) Version/4.0 Mobile Safari/533.1"
192.168.1.232 - - [07/Oct/2011:09:34:59 +0000] "GET /jqmtab/changedate/ HTTP/1.1" 200 439 "http://192.168.1.91/jqmtab/clinic/?clinicID=9&date=2011-10-19" "Mozilla/5.0 (Linux; U; Android 2.3; en-in; iBall Slide i7011 Build/GINGERBREAD) AppleWebKit/533.1 (KHTML, like Gecko) Version/4.0 Mobile Safari/533.1"
192.168.1.232 - - [07/Oct/2011:09:35:08 +0000] "GET /jqmtab/ HTTP/1.1" 200 11748 "http://192.168.1.91/jqmtab/clinic/?clinicID=9&date=2011-10-19" "Mozilla/5.0 (Linux; U; Android 2.3; en-in; iBall Slide i7011 Build/GINGERBREAD) AppleWebKit/533.1 (KHTML, like Gecko) Version/4.0 Mobile Safari/533.1"
192.168.1.91 - - [07/Oct/2011:09:35:15 +0000] "GET /tcp/fcd24e3b4a4b408dafe16a84b7fca513/longpoll?nocache=0.4725330581422895&ack=20 HTTP/1.1" 200 - "http://ditchyourip.com/jqmtab/clinic/?clinicID=9&date=2011-10-19" "Mozilla/5.0 (X11; Linux x86_64) AppleWebKit/534.30 (KHTML, like Gecko) Ubuntu/10.04 Chromium/12.0.742.112 Chrome/12.0.742.112 Safari/534.30"
192.168.1.91 - - [07/Oct/2011:09:35:15 +0000] "GET /tcp/fcd24e3b4a4b408dafe16a84b7fca513/longpoll?nocache=0.4725330581422895&ack=20 HTTP/1.1" 200 12 "http://ditchyourip.com/jqmtab/clinic/?clinicID=9&date=2011-10-19" "Mozilla/5.0 (X11; Linux x86_64) AppleWebKit/534.30 (KHTML, like Gecko) Ubuntu/10.04 Chromium/12.0.742.112 Chrome/12.0.742.112 Safari/534.30"
192.168.1.232 - - [07/Oct/2011:09:35:16 +0000] "GET /jqmtab/clinic/?clinicID=9&date=2011-11-16 HTTP/1.1" 200 15662 "http://192.168.1.91/jqmtab/clinic/?clinicID=9&date=2011-10-19" "Mozilla/5.0 (Linux; U; Android 2.3; en-in; iBall Slide i7011 Build/GINGERBREAD) AppleWebKit/533.1 (KHTML, like Gecko) Version/4.0 Mobile Safari/533.1"
192.168.1.232 - - [07/Oct/2011:09:35:18 +0000] "GET /tcp?nocache=0.7941711619496346 HTTP/1.1" 200 32 "http://192.168.1.91/jqmtab/clinic/?clinicID=9&date=2011-10-19" "Mozilla/5.0 (Linux; U; Android 2.3; en-in; iBall Slide i7011 Build/GINGERBREAD) AppleWebKit/533.1 (KHTML, like Gecko) Version/4.0 Mobile Safari/533.1"
192.168.1.232 - - [07/Oct/2011:09:35:18 +0000] "GET /tcp/b8c874251cab404ab8511b5e74b78b6f/longpoll?nocache=0.7941711619496346 HTTP/1.1" 200 68 "http://192.168.1.91/jqmtab/clinic/?clinicID=9&date=2011-10-19" "Mozilla/5.0 (Linux; U; Android 2.3; en-in; iBall Slide i7011 Build/GINGERBREAD) AppleWebKit/533.1 (KHTML, like Gecko) Version/4.0 Mobile Safari/533.1"
192.168.1.232 - - [07/Oct/2011:09:35:18 +0000] "POST /tcp/b8c874251cab404ab8511b5e74b78b6f?nocache=0.7941711619496346&ack=2 HTTP/1.1" 200 2 "http://192.168.1.91/jqmtab/clinic/?clinicID=9&date=2011-10-19" "Mozilla/5.0 (Linux; U; Android 2.3; en-in; iBall Slide i7011 Build/GINGERBREAD) AppleWebKit/533.1 (KHTML, like Gecko) Version/4.0 Mobile Safari/533.1"
192.168.1.232 - - [07/Oct/2011:09:35:18 +0000] "GET /tcp/b8c874251cab404ab8511b5e74b78b6f/longpoll?nocache=0.7941711619496346&ack=2 HTTP/1.1" 200 18 "http://192.168.1.91/jqmtab/clinic/?clinicID=9&date=2011-10-19" "Mozilla/5.0 (Linux; U; Android 2.3; en-in; iBall Slide i7011 Build/GINGERBREAD) AppleWebKit/533.1 (KHTML, like Gecko) Version/4.0 Mobile Safari/533.1"
192.168.1.232 - - [07/Oct/2011:09:35:18 +0000] "POST /tcp/b8c874251cab404ab8511b5e74b78b6f?nocache=0.7941711619496346&ack=3 HTTP/1.1" 200 2 "http://192.168.1.91/jqmtab/clinic/?clinicID=9&date=2011-10-19" "Mozilla/5.0 (Linux; U; Android 2.3; en-in; iBall Slide i7011 Build/GINGERBREAD) AppleWebKit/533.1 (KHTML, like Gecko) Version/4.0 Mobile Safari/533.1"
192.168.1.232 - - [07/Oct/2011:09:35:18 +0000] "GET /tcp/b8c874251cab404ab8511b5e74b78b6f/longpoll?nocache=0.7941711619496346&ack=3 HTTP/1.1" 200 47 "http://192.168.1.91/jqmtab/clinic/?clinicID=9&date=2011-10-19" "Mozilla/5.0 (Linux; U; Android 2.3; en-in; iBall Slide i7011 Build/GINGERBREAD) AppleWebKit/533.1 (KHTML, like Gecko) Version/4.0 Mobile Safari/533.1"
192.168.1.232 - - [07/Oct/2011:09:35:18 +0000] "POST /tcp/b8c874251cab404ab8511b5e74b78b6f?nocache=0.7941711619496346&ack=4 HTTP/1.1" 200 2 "http://192.168.1.91/jqmtab/clinic/?clinicID=9&date=2011-10-19" "Mozilla/5.0 (Linux; U; Android 2.3; en-in; iBall Slide i7011 Build/GINGERBREAD) AppleWebKit/533.1 (KHTML, like Gecko) Version/4.0 Mobile Safari/533.1"
192.168.1.232 - - [07/Oct/2011:09:35:28 +0000] "GET /jqmtab/reports/?clinicID=9&date=2011-11-16 HTTP/1.1" 200 3645 "http://192.168.1.91/jqmtab/clinic/?clinicID=9&date=2011-10-19" "Mozilla/5.0 (Linux; U; Android 2.3; en-in; iBall Slide i7011 Build/GINGERBREAD) AppleWebKit/533.1 (KHTML, like Gecko) Version/4.0 Mobile Safari/533.1"
192.168.1.232 - - [07/Oct/2011:09:35:29 +0000] "POST /tcp/b8c874251cab404ab8511b5e74b78b6f?nocache=0.7941711619496346&ack=4 HTTP/1.1" 200 2 "http://192.168.1.91/jqmtab/clinic/?clinicID=9&date=2011-10-19" "Mozilla/5.0 (Linux; U; Android 2.3; en-in; iBall Slide i7011 Build/GINGERBREAD) AppleWebKit/533.1 (KHTML, like Gecko) Version/4.0 Mobile Safari/533.1"
192.168.1.232 - - [07/Oct/2011:09:35:29 +0000] "GET /tcp/b8c874251cab404ab8511b5e74b78b6f/longpoll?nocache=0.7941711619496346&ack=4 HTTP/1.1" 200 30 "http://192.168.1.91/jqmtab/clinic/?clinicID=9&date=2011-10-19" "Mozilla/5.0 (Linux; U; Android 2.3; en-in; iBall Slide i7011 Build/GINGERBREAD) AppleWebKit/533.1 (KHTML, like Gecko) Version/4.0 Mobile Safari/533.1"
192.168.1.232 - - [07/Oct/2011:09:35:36 +0000] "GET /jqmtab/clinic/?clinicID=9&date=2011-11-16 HTTP/1.1" 200 15662 "http://192.168.1.91/jqmtab/clinic/?clinicID=9&date=2011-10-19" "Mozilla/5.0 (Linux; U; Android 2.3; en-in; iBall Slide i7011 Build/GINGERBREAD) AppleWebKit/533.1 (KHTML, like Gecko) Version/4.0 Mobile Safari/533.1"
192.168.1.232 - - [07/Oct/2011:09:35:37 +0000] "GET /tcp?nocache=0.3839127169921994 HTTP/1.1" 200 32 "http://192.168.1.91/jqmtab/clinic/?clinicID=9&date=2011-10-19" "Mozilla/5.0 (Linux; U; Android 2.3; en-in; iBall Slide i7011 Build/GINGERBREAD) AppleWebKit/533.1 (KHTML, like Gecko) Version/4.0 Mobile Safari/533.1"
192.168.1.232 - - [07/Oct/2011:09:35:38 +0000] "GET /tcp/fa3c5519d3974b2eb16e76cea3c9fcee/longpoll?nocache=0.3839127169921994 HTTP/1.1" 200 68 "http://192.168.1.91/jqmtab/clinic/?clinicID=9&date=2011-10-19" "Mozilla/5.0 (Linux; U; Android 2.3; en-in; iBall Slide i7011 Build/GINGERBREAD) AppleWebKit/533.1 (KHTML, like Gecko) Version/4.0 Mobile Safari/533.1"
192.168.1.232 - - [07/Oct/2011:09:35:38 +0000] "POST /tcp/fa3c5519d3974b2eb16e76cea3c9fcee?nocache=0.3839127169921994&ack=2 HTTP/1.1" 200 2 "http://192.168.1.91/jqmtab/clinic/?clinicID=9&date=2011-10-19" "Mozilla/5.0 (Linux; U; Android 2.3; en-in; iBall Slide i7011 Build/GINGERBREAD) AppleWebKit/533.1 (KHTML, like Gecko) Version/4.0 Mobile Safari/533.1"
192.168.1.232 - - [07/Oct/2011:09:35:38 +0000] "GET /tcp/fa3c5519d3974b2eb16e76cea3c9fcee/longpoll?nocache=0.3839127169921994&ack=2 HTTP/1.1" 200 18 "http://192.168.1.91/jqmtab/clinic/?clinicID=9&date=2011-10-19" "Mozilla/5.0 (Linux; U; Android 2.3; en-in; iBall Slide i7011 Build/GINGERBREAD) AppleWebKit/533.1 (KHTML, like Gecko) Version/4.0 Mobile Safari/533.1"
192.168.1.232 - - [07/Oct/2011:09:35:38 +0000] "POST /tcp/fa3c5519d3974b2eb16e76cea3c9fcee?nocache=0.3839127169921994&ack=3 HTTP/1.1" 200 2 "http://192.168.1.91/jqmtab/clinic/?clinicID=9&date=2011-10-19" "Mozilla/5.0 (Linux; U; Android 2.3; en-in; iBall Slide i7011 Build/GINGERBREAD) AppleWebKit/533.1 (KHTML, like Gecko) Version/4.0 Mobile Safari/533.1"
192.168.1.232 - - [07/Oct/2011:09:35:38 +0000] "GET /tcp/fa3c5519d3974b2eb16e76cea3c9fcee/longpoll?nocache=0.3839127169921994&ack=3 HTTP/1.1" 200 47 "http://192.168.1.91/jqmtab/clinic/?clinicID=9&date=2011-10-19" "Mozilla/5.0 (Linux; U; Android 2.3; en-in; iBall Slide i7011 Build/GINGERBREAD) AppleWebKit/533.1 (KHTML, like Gecko) Version/4.0 Mobile Safari/533.1"
192.168.1.232 - - [07/Oct/2011:09:35:38 +0000] "POST /tcp/fa3c5519d3974b2eb16e76cea3c9fcee?nocache=0.3839127169921994&ack=4 HTTP/1.1" 200 2 "http://192.168.1.91/jqmtab/clinic/?clinicID=9&date=2011-10-19" "Mozilla/5.0 (Linux; U; Android 2.3; en-in; iBall Slide i7011 Build/GINGERBREAD) AppleWebKit/533.1 (KHTML, like Gecko) Version/4.0 Mobile Safari/533.1"
192.168.1.232 - - [07/Oct/2011:09:35:39 +0000] "GET /jqmtab/ HTTP/1.1" 200 11748 "http://192.168.1.91/jqmtab/clinic/?clinicID=9&date=2011-10-19" "Mozilla/5.0 (Linux; U; Android 2.3; en-in; iBall Slide i7011 Build/GINGERBREAD) AppleWebKit/533.1 (KHTML, like Gecko) Version/4.0 Mobile Safari/533.1"
192.168.1.232 - - [07/Oct/2011:09:35:40 +0000] "POST /tcp/fa3c5519d3974b2eb16e76cea3c9fcee?nocache=0.3839127169921994&ack=4 HTTP/1.1" 200 2 "http://192.168.1.91/jqmtab/clinic/?clinicID=9&date=2011-10-19" "Mozilla/5.0 (Linux; U; Android 2.3; en-in; iBall Slide i7011 Build/GINGERBREAD) AppleWebKit/533.1 (KHTML, like Gecko) Version/4.0 Mobile Safari/533.1"
192.168.1.232 - - [07/Oct/2011:09:35:40 +0000] "GET /tcp/fa3c5519d3974b2eb16e76cea3c9fcee/longpoll?nocache=0.3839127169921994&ack=4 HTTP/1.1" 200 30 "http://192.168.1.91/jqmtab/clinic/?clinicID=9&date=2011-10-19" "Mozilla/5.0 (Linux; U; Android 2.3; en-in; iBall Slide i7011 Build/GINGERBREAD) AppleWebKit/533.1 (KHTML, like Gecko) Version/4.0 Mobile Safari/533.1"
192.168.1.232 - - [07/Oct/2011:09:35:42 +0000] "GET /jqmtab/changedate/ HTTP/1.1" 200 439 "http://192.168.1.91/jqmtab/clinic/?clinicID=9&date=2011-10-19" "Mozilla/5.0 (Linux; U; Android 2.3; en-in; iBall Slide i7011 Build/GINGERBREAD) AppleWebKit/533.1 (KHTML, like Gecko) Version/4.0 Mobile Safari/533.1"
192.168.1.91 - - [07/Oct/2011:09:35:45 +0000] "GET /tcp/fcd24e3b4a4b408dafe16a84b7fca513/longpoll?nocache=0.4725330581422895&ack=21 HTTP/1.1" 200 - "http://ditchyourip.com/jqmtab/clinic/?clinicID=9&date=2011-10-19" "Mozilla/5.0 (X11; Linux x86_64) AppleWebKit/534.30 (KHTML, like Gecko) Ubuntu/10.04 Chromium/12.0.742.112 Chrome/12.0.742.112 Safari/534.30"
192.168.1.91 - - [07/Oct/2011:09:35:45 +0000] "GET /tcp/fcd24e3b4a4b408dafe16a84b7fca513/longpoll?nocache=0.4725330581422895&ack=21 HTTP/1.1" 200 12 "http://ditchyourip.com/jqmtab/clinic/?clinicID=9&date=2011-10-19" "Mozilla/5.0 (X11; Linux x86_64) AppleWebKit/534.30 (KHTML, like Gecko) Ubuntu/10.04 Chromium/12.0.742.112 Chrome/12.0.742.112 Safari/534.30"
192.168.1.232 - - [07/Oct/2011:09:35:53 +0000] "GET /jqmtab/ HTTP/1.1" 200 11748 "http://192.168.1.91/jqmtab/clinic/?clinicID=9&date=2011-10-19" "Mozilla/5.0 (Linux; U; Android 2.3; en-in; iBall Slide i7011 Build/GINGERBREAD) AppleWebKit/533.1 (KHTML, like Gecko) Version/4.0 Mobile Safari/533.1"
192.168.1.232 - - [07/Oct/2011:09:36:07 +0000] "GET /jqmtab/clinic/?clinicID=9&date=2011-10-20 HTTP/1.1" 200 15663 "http://192.168.1.91/jqmtab/clinic/?clinicID=9&date=2011-10-19" "Mozilla/5.0 (Linux; U; Android 2.3; en-in; iBall Slide i7011 Build/GINGERBREAD) AppleWebKit/533.1 (KHTML, like Gecko) Version/4.0 Mobile Safari/533.1"
192.168.1.232 - - [07/Oct/2011:09:36:09 +0000] "GET /tcp?nocache=0.08975162450224161 HTTP/1.1" 200 32 "http://192.168.1.91/jqmtab/clinic/?clinicID=9&date=2011-10-19" "Mozilla/5.0 (Linux; U; Android 2.3; en-in; iBall Slide i7011 Build/GINGERBREAD) AppleWebKit/533.1 (KHTML, like Gecko) Version/4.0 Mobile Safari/533.1"
192.168.1.232 - - [07/Oct/2011:09:36:09 +0000] "GET /tcp/6ad07cf518d84446b0c9bea35265e0b3/longpoll?nocache=0.08975162450224161 HTTP/1.1" 200 68 "http://192.168.1.91/jqmtab/clinic/?clinicID=9&date=2011-10-19" "Mozilla/5.0 (Linux; U; Android 2.3; en-in; iBall Slide i7011 Build/GINGERBREAD) AppleWebKit/533.1 (KHTML, like Gecko) Version/4.0 Mobile Safari/533.1"
192.168.1.232 - - [07/Oct/2011:09:36:09 +0000] "POST /tcp/6ad07cf518d84446b0c9bea35265e0b3?nocache=0.08975162450224161&ack=2 HTTP/1.1" 200 2 "http://192.168.1.91/jqmtab/clinic/?clinicID=9&date=2011-10-19" "Mozilla/5.0 (Linux; U; Android 2.3; en-in; iBall Slide i7011 Build/GINGERBREAD) AppleWebKit/533.1 (KHTML, like Gecko) Version/4.0 Mobile Safari/533.1"
192.168.1.232 - - [07/Oct/2011:09:36:09 +0000] "GET /tcp/6ad07cf518d84446b0c9bea35265e0b3/longpoll?nocache=0.08975162450224161&ack=2 HTTP/1.1" 200 18 "http://192.168.1.91/jqmtab/clinic/?clinicID=9&date=2011-10-19" "Mozilla/5.0 (Linux; U; Android 2.3; en-in; iBall Slide i7011 Build/GINGERBREAD) AppleWebKit/533.1 (KHTML, like Gecko) Version/4.0 Mobile Safari/533.1"
192.168.1.232 - - [07/Oct/2011:09:36:09 +0000] "POST /tcp/6ad07cf518d84446b0c9bea35265e0b3?nocache=0.08975162450224161&ack=3 HTTP/1.1" 200 2 "http://192.168.1.91/jqmtab/clinic/?clinicID=9&date=2011-10-19" "Mozilla/5.0 (Linux; U; Android 2.3; en-in; iBall Slide i7011 Build/GINGERBREAD) AppleWebKit/533.1 (KHTML, like Gecko) Version/4.0 Mobile Safari/533.1"
192.168.1.232 - - [07/Oct/2011:09:36:09 +0000] "GET /tcp/6ad07cf518d84446b0c9bea35265e0b3/longpoll?nocache=0.08975162450224161&ack=3 HTTP/1.1" 200 47 "http://192.168.1.91/jqmtab/clinic/?clinicID=9&date=2011-10-19" "Mozilla/5.0 (Linux; U; Android 2.3; en-in; iBall Slide i7011 Build/GINGERBREAD) AppleWebKit/533.1 (KHTML, like Gecko) Version/4.0 Mobile Safari/533.1"
192.168.1.232 - - [07/Oct/2011:09:36:09 +0000] "POST /tcp/6ad07cf518d84446b0c9bea35265e0b3?nocache=0.08975162450224161&ack=4 HTTP/1.1" 200 2 "http://192.168.1.91/jqmtab/clinic/?clinicID=9&date=2011-10-19" "Mozilla/5.0 (Linux; U; Android 2.3; en-in; iBall Slide i7011 Build/GINGERBREAD) AppleWebKit/533.1 (KHTML, like Gecko) Version/4.0 Mobile Safari/533.1"
192.168.1.91 - - [07/Oct/2011:09:36:15 +0000] "GET /tcp/fcd24e3b4a4b408dafe16a84b7fca513/longpoll?nocache=0.4725330581422895&ack=22 HTTP/1.1" 200 - "http://ditchyourip.com/jqmtab/clinic/?clinicID=9&date=2011-10-19" "Mozilla/5.0 (X11; Linux x86_64) AppleWebKit/534.30 (KHTML, like Gecko) Ubuntu/10.04 Chromium/12.0.742.112 Chrome/12.0.742.112 Safari/534.30"
192.168.1.91 - - [07/Oct/2011:09:36:15 +0000] "GET /tcp/fcd24e3b4a4b408dafe16a84b7fca513/longpoll?nocache=0.4725330581422895&ack=22 HTTP/1.1" 200 12 "http://ditchyourip.com/jqmtab/clinic/?clinicID=9&date=2011-10-19" "Mozilla/5.0 (X11; Linux x86_64) AppleWebKit/534.30 (KHTML, like Gecko) Ubuntu/10.04 Chromium/12.0.742.112 Chrome/12.0.742.112 Safari/534.30"
192.168.1.232 - - [07/Oct/2011:09:36:30 +0000] "GET /jqmtab/ HTTP/1.1" 200 11748 "http://192.168.1.91/jqmtab/clinic/?clinicID=9&date=2011-10-19" "Mozilla/5.0 (Linux; U; Android 2.3; en-in; iBall Slide i7011 Build/GINGERBREAD) AppleWebKit/533.1 (KHTML, like Gecko) Version/4.0 Mobile Safari/533.1"
192.168.1.232 - - [07/Oct/2011:09:36:32 +0000] "POST /tcp/6ad07cf518d84446b0c9bea35265e0b3?nocache=0.08975162450224161&ack=4 HTTP/1.1" 200 2 "http://192.168.1.91/jqmtab/clinic/?clinicID=9&date=2011-10-19" "Mozilla/5.0 (Linux; U; Android 2.3; en-in; iBall Slide i7011 Build/GINGERBREAD) AppleWebKit/533.1 (KHTML, like Gecko) Version/4.0 Mobile Safari/533.1"
192.168.1.232 - - [07/Oct/2011:09:36:32 +0000] "GET /tcp/6ad07cf518d84446b0c9bea35265e0b3/longpoll?nocache=0.08975162450224161&ack=4 HTTP/1.1" 200 30 "http://192.168.1.91/jqmtab/clinic/?clinicID=9&date=2011-10-19" "Mozilla/5.0 (Linux; U; Android 2.3; en-in; iBall Slide i7011 Build/GINGERBREAD) AppleWebKit/533.1 (KHTML, like Gecko) Version/4.0 Mobile Safari/533.1"
192.168.1.232 - - [07/Oct/2011:09:36:37 +0000] "GET /jqmtab/changedate/ HTTP/1.1" 200 439 "http://192.168.1.91/jqmtab/clinic/?clinicID=9&date=2011-10-19" "Mozilla/5.0 (Linux; U; Android 2.3; en-in; iBall Slide i7011 Build/GINGERBREAD) AppleWebKit/533.1 (KHTML, like Gecko) Version/4.0 Mobile Safari/533.1"
192.168.1.232 - - [07/Oct/2011:09:36:43 +0000] "GET /jqmtab/ HTTP/1.1" 200 11748 "http://192.168.1.91/jqmtab/clinic/?clinicID=9&date=2011-10-19" "Mozilla/5.0 (Linux; U; Android 2.3; en-in; iBall Slide i7011 Build/GINGERBREAD) AppleWebKit/533.1 (KHTML, like Gecko) Version/4.0 Mobile Safari/533.1"
192.168.1.91 - - [07/Oct/2011:09:36:45 +0000] "GET /tcp/fcd24e3b4a4b408dafe16a84b7fca513/longpoll?nocache=0.4725330581422895&ack=23 HTTP/1.1" 200 - "http://ditchyourip.com/jqmtab/clinic/?clinicID=9&date=2011-10-19" "Mozilla/5.0 (X11; Linux x86_64) AppleWebKit/534.30 (KHTML, like Gecko) Ubuntu/10.04 Chromium/12.0.742.112 Chrome/12.0.742.112 Safari/534.30"
192.168.1.91 - - [07/Oct/2011:09:36:45 +0000] "GET /tcp/fcd24e3b4a4b408dafe16a84b7fca513/longpoll?nocache=0.4725330581422895&ack=23 HTTP/1.1" 200 12 "http://ditchyourip.com/jqmtab/clinic/?clinicID=9&date=2011-10-19" "Mozilla/5.0 (X11; Linux x86_64) AppleWebKit/534.30 (KHTML, like Gecko) Ubuntu/10.04 Chromium/12.0.742.112 Chrome/12.0.742.112 Safari/534.30"
192.168.1.232 - - [07/Oct/2011:09:36:53 +0000] "GET /jqmtab/changedate/ HTTP/1.1" 200 439 "http://192.168.1.91/jqmtab/clinic/?clinicID=9&date=2011-10-19" "Mozilla/5.0 (Linux; U; Android 2.3; en-in; iBall Slide i7011 Build/GINGERBREAD) AppleWebKit/533.1 (KHTML, like Gecko) Version/4.0 Mobile Safari/533.1"
192.168.1.232 - - [07/Oct/2011:09:37:04 +0000] "GET /jqmtab/ HTTP/1.1" 200 11748 "http://192.168.1.91/jqmtab/clinic/?clinicID=9&date=2011-10-19" "Mozilla/5.0 (Linux; U; Android 2.3; en-in; iBall Slide i7011 Build/GINGERBREAD) AppleWebKit/533.1 (KHTML, like Gecko) Version/4.0 Mobile Safari/533.1"
192.168.1.232 - - [07/Oct/2011:09:37:09 +0000] "GET /jqmtab/clinic/?clinicID=9&date=2011-10-04 HTTP/1.1" 200 15495 "http://192.168.1.91/jqmtab/clinic/?clinicID=9&date=2011-10-19" "Mozilla/5.0 (Linux; U; Android 2.3; en-in; iBall Slide i7011 Build/GINGERBREAD) AppleWebKit/533.1 (KHTML, like Gecko) Version/4.0 Mobile Safari/533.1"
192.168.1.232 - - [07/Oct/2011:09:37:10 +0000] "GET /tcp?nocache=0.8132582530379295 HTTP/1.1" 200 32 "http://192.168.1.91/jqmtab/clinic/?clinicID=9&date=2011-10-19" "Mozilla/5.0 (Linux; U; Android 2.3; en-in; iBall Slide i7011 Build/GINGERBREAD) AppleWebKit/533.1 (KHTML, like Gecko) Version/4.0 Mobile Safari/533.1"
192.168.1.232 - - [07/Oct/2011:09:37:10 +0000] "GET /tcp/2e153b24d71f48cda2b8d34dbb9d116d/longpoll?nocache=0.8132582530379295 HTTP/1.1" 200 68 "http://192.168.1.91/jqmtab/clinic/?clinicID=9&date=2011-10-19" "Mozilla/5.0 (Linux; U; Android 2.3; en-in; iBall Slide i7011 Build/GINGERBREAD) AppleWebKit/533.1 (KHTML, like Gecko) Version/4.0 Mobile Safari/533.1"
192.168.1.232 - - [07/Oct/2011:09:37:10 +0000] "POST /tcp/2e153b24d71f48cda2b8d34dbb9d116d?nocache=0.8132582530379295&ack=2 HTTP/1.1" 200 2 "http://192.168.1.91/jqmtab/clinic/?clinicID=9&date=2011-10-19" "Mozilla/5.0 (Linux; U; Android 2.3; en-in; iBall Slide i7011 Build/GINGERBREAD) AppleWebKit/533.1 (KHTML, like Gecko) Version/4.0 Mobile Safari/533.1"
192.168.1.232 - - [07/Oct/2011:09:37:10 +0000] "GET /tcp/2e153b24d71f48cda2b8d34dbb9d116d/longpoll?nocache=0.8132582530379295&ack=2 HTTP/1.1" 200 18 "http://192.168.1.91/jqmtab/clinic/?clinicID=9&date=2011-10-19" "Mozilla/5.0 (Linux; U; Android 2.3; en-in; iBall Slide i7011 Build/GINGERBREAD) AppleWebKit/533.1 (KHTML, like Gecko) Version/4.0 Mobile Safari/533.1"
192.168.1.232 - - [07/Oct/2011:09:37:10 +0000] "POST /tcp/2e153b24d71f48cda2b8d34dbb9d116d?nocache=0.8132582530379295&ack=3 HTTP/1.1" 200 2 "http://192.168.1.91/jqmtab/clinic/?clinicID=9&date=2011-10-19" "Mozilla/5.0 (Linux; U; Android 2.3; en-in; iBall Slide i7011 Build/GINGERBREAD) AppleWebKit/533.1 (KHTML, like Gecko) Version/4.0 Mobile Safari/533.1"
192.168.1.232 - - [07/Oct/2011:09:37:10 +0000] "GET /tcp/2e153b24d71f48cda2b8d34dbb9d116d/longpoll?nocache=0.8132582530379295&ack=3 HTTP/1.1" 200 51 "http://192.168.1.91/jqmtab/clinic/?clinicID=9&date=2011-10-19" "Mozilla/5.0 (Linux; U; Android 2.3; en-in; iBall Slide i7011 Build/GINGERBREAD) AppleWebKit/533.1 (KHTML, like Gecko) Version/4.0 Mobile Safari/533.1"
192.168.1.232 - - [07/Oct/2011:09:37:10 +0000] "POST /tcp/2e153b24d71f48cda2b8d34dbb9d116d?nocache=0.8132582530379295&ack=4 HTTP/1.1" 200 2 "http://192.168.1.91/jqmtab/clinic/?clinicID=9&date=2011-10-19" "Mozilla/5.0 (Linux; U; Android 2.3; en-in; iBall Slide i7011 Build/GINGERBREAD) AppleWebKit/533.1 (KHTML, like Gecko) Version/4.0 Mobile Safari/533.1"
192.168.1.91 - - [07/Oct/2011:09:37:15 +0000] "GET /tcp/fcd24e3b4a4b408dafe16a84b7fca513/longpoll?nocache=0.4725330581422895&ack=24 HTTP/1.1" 200 - "http://ditchyourip.com/jqmtab/clinic/?clinicID=9&date=2011-10-19" "Mozilla/5.0 (X11; Linux x86_64) AppleWebKit/534.30 (KHTML, like Gecko) Ubuntu/10.04 Chromium/12.0.742.112 Chrome/12.0.742.112 Safari/534.30"
192.168.1.91 - - [07/Oct/2011:09:37:15 +0000] "GET /tcp/fcd24e3b4a4b408dafe16a84b7fca513/longpoll?nocache=0.4725330581422895&ack=24 HTTP/1.1" 200 12 "http://ditchyourip.com/jqmtab/clinic/?clinicID=9&date=2011-10-19" "Mozilla/5.0 (X11; Linux x86_64) AppleWebKit/534.30 (KHTML, like Gecko) Ubuntu/10.04 Chromium/12.0.742.112 Chrome/12.0.742.112 Safari/534.30"
192.168.1.232 - - [07/Oct/2011:09:37:17 +0000] "GET /jqmtab/patient/162/ HTTP/1.1" 200 3877 "http://192.168.1.91/jqmtab/clinic/?clinicID=9&date=2011-10-19" "Mozilla/5.0 (Linux; U; Android 2.3; en-in; iBall Slide i7011 Build/GINGERBREAD) AppleWebKit/533.1 (KHTML, like Gecko) Version/4.0 Mobile Safari/533.1"
192.168.1.232 - - [07/Oct/2011:09:37:18 +0000] "POST /tcp/2e153b24d71f48cda2b8d34dbb9d116d?nocache=0.8132582530379295&ack=4 HTTP/1.1" 200 2 "http://192.168.1.91/jqmtab/clinic/?clinicID=9&date=2011-10-19" "Mozilla/5.0 (Linux; U; Android 2.3; en-in; iBall Slide i7011 Build/GINGERBREAD) AppleWebKit/533.1 (KHTML, like Gecko) Version/4.0 Mobile Safari/533.1"
192.168.1.232 - - [07/Oct/2011:09:37:18 +0000] "GET /tcp/2e153b24d71f48cda2b8d34dbb9d116d/longpoll?nocache=0.8132582530379295&ack=4 HTTP/1.1" 200 30 "http://192.168.1.91/jqmtab/clinic/?clinicID=9&date=2011-10-19" "Mozilla/5.0 (Linux; U; Android 2.3; en-in; iBall Slide i7011 Build/GINGERBREAD) AppleWebKit/533.1 (KHTML, like Gecko) Version/4.0 Mobile Safari/533.1"
192.168.1.232 - - [07/Oct/2011:09:37:28 +0000] "GET /jqmtab/clinic/?clinicID=9&date=2011-10-04 HTTP/1.1" 200 15495 "-" "Mozilla/5.0 (Linux; U; Android 2.3; en-in; iBall Slide i7011 Build/GINGERBREAD) AppleWebKit/533.1 (KHTML, like Gecko) Version/4.0 Mobile Safari/533.1"
192.168.1.232 - - [07/Oct/2011:09:37:28 +0000] "GET /static/jqmobile/css/jquery.mobile-1.0b3.min.css HTTP/1.1" 304 - "http://192.168.1.91/jqmtab/clinic/?clinicID=9&date=2011-10-04" "Mozilla/5.0 (Linux; U; Android 2.3; en-in; iBall Slide i7011 Build/GINGERBREAD) AppleWebKit/533.1 (KHTML, like Gecko) Version/4.0 Mobile Safari/533.1"
192.168.1.232 - - [07/Oct/2011:09:37:28 +0000] "GET /static/jqmobile/js/jquery-1.6.2.min.js HTTP/1.1" 304 - "http://192.168.1.91/jqmtab/clinic/?clinicID=9&date=2011-10-04" "Mozilla/5.0 (Linux; U; Android 2.3; en-in; iBall Slide i7011 Build/GINGERBREAD) AppleWebKit/533.1 (KHTML, like Gecko) Version/4.0 Mobile Safari/533.1"
192.168.1.232 - - [07/Oct/2011:09:37:28 +0000] "GET /static/Orbited.js HTTP/1.1" 304 - "http://192.168.1.91/jqmtab/clinic/?clinicID=9&date=2011-10-04" "Mozilla/5.0 (Linux; U; Android 2.3; en-in; iBall Slide i7011 Build/GINGERBREAD) AppleWebKit/533.1 (KHTML, like Gecko) Version/4.0 Mobile Safari/533.1"
192.168.1.232 - - [07/Oct/2011:09:37:28 +0000] "GET /static/JSON.js HTTP/1.1" 304 - "http://192.168.1.91/jqmtab/clinic/?clinicID=9&date=2011-10-04" "Mozilla/5.0 (Linux; U; Android 2.3; en-in; iBall Slide i7011 Build/GINGERBREAD) AppleWebKit/533.1 (KHTML, like Gecko) Version/4.0 Mobile Safari/533.1"
192.168.1.232 - - [07/Oct/2011:09:37:28 +0000] "GET /static/protocols/stomp/stomp.js HTTP/1.1" 304 - "http://192.168.1.91/jqmtab/clinic/?clinicID=9&date=2011-10-04" "Mozilla/5.0 (Linux; U; Android 2.3; en-in; iBall Slide i7011 Build/GINGERBREAD) AppleWebKit/533.1 (KHTML, like Gecko) Version/4.0 Mobile Safari/533.1"
192.168.1.232 - - [07/Oct/2011:09:37:28 +0000] "GET /static/jquery.cookie.js HTTP/1.1" 304 - "http://192.168.1.91/jqmtab/clinic/?clinicID=9&date=2011-10-04" "Mozilla/5.0 (Linux; U; Android 2.3; en-in; iBall Slide i7011 Build/GINGERBREAD) AppleWebKit/533.1 (KHTML, like Gecko) Version/4.0 Mobile Safari/533.1"
192.168.1.232 - - [07/Oct/2011:09:37:28 +0000] "GET /static/jqmobile/js/jqmtab_frontdesk.js HTTP/1.1" 304 - "http://192.168.1.91/jqmtab/clinic/?clinicID=9&date=2011-10-04" "Mozilla/5.0 (Linux; U; Android 2.3; en-in; iBall Slide i7011 Build/GINGERBREAD) AppleWebKit/533.1 (KHTML, like Gecko) Version/4.0 Mobile Safari/533.1"
192.168.1.232 - - [07/Oct/2011:09:37:28 +0000] "GET /static/jqmobile/js/jqmtab_shadow.js HTTP/1.1" 304 - "http://192.168.1.91/jqmtab/clinic/?clinicID=9&date=2011-10-04" "Mozilla/5.0 (Linux; U; Android 2.3; en-in; iBall Slide i7011 Build/GINGERBREAD) AppleWebKit/533.1 (KHTML, like Gecko) Version/4.0 Mobile Safari/533.1"
192.168.1.232 - - [07/Oct/2011:09:37:28 +0000] "GET /static/jqmobile/js/jqmtab_event_attr.js HTTP/1.1" 304 - "http://192.168.1.91/jqmtab/clinic/?clinicID=9&date=2011-10-04" "Mozilla/5.0 (Linux; U; Android 2.3; en-in; iBall Slide i7011 Build/GINGERBREAD) AppleWebKit/533.1 (KHTML, like Gecko) Version/4.0 Mobile Safari/533.1"
192.168.1.232 - - [07/Oct/2011:09:37:28 +0000] "GET /static/jqmobile/js/jqmtab_report.js HTTP/1.1" 304 - "http://192.168.1.91/jqmtab/clinic/?clinicID=9&date=2011-10-04" "Mozilla/5.0 (Linux; U; Android 2.3; en-in; iBall Slide i7011 Build/GINGERBREAD) AppleWebKit/533.1 (KHTML, like Gecko) Version/4.0 Mobile Safari/533.1"
192.168.1.232 - - [07/Oct/2011:09:37:28 +0000] "GET /static/jqmobile/js/jquery.mobile-1.0b3.min.js HTTP/1.1" 304 - "http://192.168.1.91/jqmtab/clinic/?clinicID=9&date=2011-10-04" "Mozilla/5.0 (Linux; U; Android 2.3; en-in; iBall Slide i7011 Build/GINGERBREAD) AppleWebKit/533.1 (KHTML, like Gecko) Version/4.0 Mobile Safari/533.1"
192.168.1.232 - - [07/Oct/2011:09:37:28 +0000] "GET /static/jqmobile/js/jqmtab_intercept_url.js HTTP/1.1" 304 - "http://192.168.1.91/jqmtab/clinic/?clinicID=9&date=2011-10-04" "Mozilla/5.0 (Linux; U; Android 2.3; en-in; iBall Slide i7011 Build/GINGERBREAD) AppleWebKit/533.1 (KHTML, like Gecko) Version/4.0 Mobile Safari/533.1"
192.168.1.232 - - [07/Oct/2011:09:37:29 +0000] "GET /static/jqmobile/css/images/icons-18-white.png HTTP/1.1" 304 - "http://192.168.1.91/jqmtab/clinic/?clinicID=9&date=2011-10-04" "Mozilla/5.0 (Linux; U; Android 2.3; en-in; iBall Slide i7011 Build/GINGERBREAD) AppleWebKit/533.1 (KHTML, like Gecko) Version/4.0 Mobile Safari/533.1"
192.168.1.232 - - [07/Oct/2011:09:37:29 +0000] "GET /static/jqmobile/css/images/ajax-loader.png HTTP/1.1" 304 - "http://192.168.1.91/jqmtab/clinic/?clinicID=9&date=2011-10-04" "Mozilla/5.0 (Linux; U; Android 2.3; en-in; iBall Slide i7011 Build/GINGERBREAD) AppleWebKit/533.1 (KHTML, like Gecko) Version/4.0 Mobile Safari/533.1"
192.168.1.232 - - [07/Oct/2011:09:37:29 +0000] "GET /jqmtab/clinic/?clinicID=9&date=2011-10-04 HTTP/1.1" 200 15495 "http://192.168.1.91/jqmtab/clinic/?clinicID=9&date=2011-10-04" "Mozilla/5.0 (Linux; U; Android 2.3; en-in; iBall Slide i7011 Build/GINGERBREAD) AppleWebKit/533.1 (KHTML, like Gecko) Version/4.0 Mobile Safari/533.1"
192.168.1.232 - - [07/Oct/2011:09:37:30 +0000] "GET /tcp?nocache=0.751590839587152 HTTP/1.1" 200 32 "http://192.168.1.91/jqmtab/clinic/?clinicID=9&date=2011-10-04" "Mozilla/5.0 (Linux; U; Android 2.3; en-in; iBall Slide i7011 Build/GINGERBREAD) AppleWebKit/533.1 (KHTML, like Gecko) Version/4.0 Mobile Safari/533.1"
