192.168.1.232 - - [07/Oct/2011:09:37:30 +0000] "GET /tcp/8363a044200f47128fea7decd355826d/longpoll?nocache=0.751590839587152 HTTP/1.1" 200 68 "http://192.168.1.91/jqmtab/clinic/?clinicID=9&date=2011-10-04" "Mozilla/5.0 (Linux; U; Android 2.3; en-in; iBall Slide i7011 Build/GINGERBREAD) AppleWebKit/533.1 (KHTML, like Gecko) Version/4.0 Mobile Safari/533.1"
192.168.1.232 - - [07/Oct/2011:09:37:30 +0000] "POST /tcp/8363a044200f47128fea7decd355826d?nocache=0.751590839587152&ack=2 HTTP/1.1" 200 2 "http://192.168.1.91/jqmtab/clinic/?clinicID=9&date=2011-10-04" "Mozilla/5.0 (Linux; U; Android 2.3; en-in; iBall Slide i7011 Build/GINGERBREAD) AppleWebKit/533.1 (KHTML, like Gecko) Version/4.0 Mobile Safari/533.1"
192.168.1.232 - - [07/Oct/2011:09:37:30 +0000] "GET /tcp/8363a044200f47128fea7decd355826d/longpoll?nocache=0.751590839587152&ack=2 HTTP/1.1" 200 18 "http://192.168.1.91/jqmtab/clinic/?clinicID=9&date=2011-10-04" "Mozilla/5.0 (Linux; U; Android 2.3; en-in; iBall Slide i7011 Build/GINGERBREAD) AppleWebKit/533.1 (KHTML, like Gecko) Version/4.0 Mobile Safari/533.1"
192.168.1.232 - - [07/Oct/2011:09:37:30 +0000] "POST /tcp/8363a044200f47128fea7decd355826d?nocache=0.751590839587152&ack=3 HTTP/1.1" 200 2 "http://192.168.1.91/jqmtab/clinic/?clinicID=9&date=2011-10-04" "Mozilla/5.0 (Linux; U; Android 2.3; en-in; iBall Slide i7011 Build/GINGERBREAD) AppleWebKit/533.1 (KHTML, like Gecko) Version/4.0 Mobile Safari/533.1"
192.168.1.232 - - [07/Oct/2011:09:37:30 +0000] "GET /tcp/8363a044200f47128fea7decd355826d/longpoll?nocache=0.751590839587152&ack=3 HTTP/1.1" 200 51 "http://192.168.1.91/jqmtab/clinic/?clinicID=9&date=2011-10-04" "Mozilla/5.0 (Linux; U; Android 2.3; en-in; iBall Slide i7011 Build/GINGERBREAD) AppleWebKit/533.1 (KHTML, like Gecko) Version/4.0 Mobile Safari/533.1"
192.168.1.232 - - [07/Oct/2011:09:37:30 +0000] "POST /tcp/8363a044200f47128fea7decd355826d?nocache=0.751590839587152&ack=4 HTTP/1.1" 200 2 "http://192.168.1.91/jqmtab/clinic/?clinicID=9&date=2011-10-04" "Mozilla/5.0 (Linux; U; Android 2.3; en-in; iBall Slide i7011 Build/GINGERBREAD) AppleWebKit/533.1 (KHTML, like Gecko) Version/4.0 Mobile Safari/533.1"
192.168.1.232 - - [07/Oct/2011:09:37:33 +0000] "GET /jqmtab/patient/162/ HTTP/1.1" 200 3877 "http://192.168.1.91/jqmtab/clinic/?clinicID=9&date=2011-10-04" "Mozilla/5.0 (Linux; U; Android 2.3; en-in; iBall Slide i7011 Build/GINGERBREAD) AppleWebKit/533.1 (KHTML, like Gecko) Version/4.0 Mobile Safari/533.1"
192.168.1.232 - - [07/Oct/2011:09:37:34 +0000] "POST /tcp/8363a044200f47128fea7decd355826d?nocache=0.751590839587152&ack=4 HTTP/1.1" 200 2 "http://192.168.1.91/jqmtab/clinic/?clinicID=9&date=2011-10-04" "Mozilla/5.0 (Linux; U; Android 2.3; en-in; iBall Slide i7011 Build/GINGERBREAD) AppleWebKit/533.1 (KHTML, like Gecko) Version/4.0 Mobile Safari/533.1"
192.168.1.232 - - [07/Oct/2011:09:37:34 +0000] "GET /tcp/8363a044200f47128fea7decd355826d/longpoll?nocache=0.751590839587152&ack=4 HTTP/1.1" 200 30 "http://192.168.1.91/jqmtab/clinic/?clinicID=9&date=2011-10-04" "Mozilla/5.0 (Linux; U; Android 2.3; en-in; iBall Slide i7011 Build/GINGERBREAD) AppleWebKit/533.1 (KHTML, like Gecko) Version/4.0 Mobile Safari/533.1"
192.168.1.232 - - [07/Oct/2011:09:37:39 +0000] "GET /jqmtab/shadow_provider/162/ HTTP/1.1" 200 3090 "http://192.168.1.91/jqmtab/clinic/?clinicID=9&date=2011-10-04" "Mozilla/5.0 (Linux; U; Android 2.3; en-in; iBall Slide i7011 Build/GINGERBREAD) AppleWebKit/533.1 (KHTML, like Gecko) Version/4.0 Mobile Safari/533.1"
192.168.1.232 - - [07/Oct/2011:09:37:43 +0000] "GET /tcp?nocache=0.30697041004896164 HTTP/1.1" 200 32 "http://192.168.1.91/jqmtab/clinic/?clinicID=9&date=2011-10-04" "Mozilla/5.0 (Linux; U; Android 2.3; en-in; iBall Slide i7011 Build/GINGERBREAD) AppleWebKit/533.1 (KHTML, like Gecko) Version/4.0 Mobile Safari/533.1"
192.168.1.232 - - [07/Oct/2011:09:37:43 +0000] "GET /tcp/e947937727664948b4ab83486ed0cd1f/longpoll?nocache=0.30697041004896164 HTTP/1.1" 200 68 "http://192.168.1.91/jqmtab/clinic/?clinicID=9&date=2011-10-04" "Mozilla/5.0 (Linux; U; Android 2.3; en-in; iBall Slide i7011 Build/GINGERBREAD) AppleWebKit/533.1 (KHTML, like Gecko) Version/4.0 Mobile Safari/533.1"
192.168.1.232 - - [07/Oct/2011:09:37:43 +0000] "POST /tcp/e947937727664948b4ab83486ed0cd1f?nocache=0.30697041004896164&ack=2 HTTP/1.1" 200 2 "http://192.168.1.91/jqmtab/clinic/?clinicID=9&date=2011-10-04" "Mozilla/5.0 (Linux; U; Android 2.3; en-in; iBall Slide i7011 Build/GINGERBREAD) AppleWebKit/533.1 (KHTML, like Gecko) Version/4.0 Mobile Safari/533.1"
192.168.1.232 - - [07/Oct/2011:09:37:43 +0000] "GET /tcp/e947937727664948b4ab83486ed0cd1f/longpoll?nocache=0.30697041004896164&ack=2 HTTP/1.1" 200 18 "http://192.168.1.91/jqmtab/clinic/?clinicID=9&date=2011-10-04" "Mozilla/5.0 (Linux; U; Android 2.3; en-in; iBall Slide i7011 Build/GINGERBREAD) AppleWebKit/533.1 (KHTML, like Gecko) Version/4.0 Mobile Safari/533.1"
192.168.1.232 - - [07/Oct/2011:09:37:43 +0000] "POST /tcp/e947937727664948b4ab83486ed0cd1f?nocache=0.30697041004896164&ack=3 HTTP/1.1" 200 2 "http://192.168.1.91/jqmtab/clinic/?clinicID=9&date=2011-10-04" "Mozilla/5.0 (Linux; U; Android 2.3; en-in; iBall Slide i7011 Build/GINGERBREAD) AppleWebKit/533.1 (KHTML, like Gecko) Version/4.0 Mobile Safari/533.1"
192.168.1.232 - - [07/Oct/2011:09:37:44 +0000] "GET /tcp/e947937727664948b4ab83486ed0cd1f/longpoll?nocache=0.30697041004896164&ack=3 HTTP/1.1" 200 51 "http://192.168.1.91/jqmtab/clinic/?clinicID=9&date=2011-10-04" "Mozilla/5.0 (Linux; U; Android 2.3; en-in; iBall Slide i7011 Build/GINGERBREAD) AppleWebKit/533.1 (KHTML, like Gecko) Version/4.0 Mobile Safari/533.1"
192.168.1.232 - - [07/Oct/2011:09:37:44 +0000] "POST /tcp/e947937727664948b4ab83486ed0cd1f?nocache=0.30697041004896164&ack=4 HTTP/1.1" 200 2 "http://192.168.1.91/jqmtab/clinic/?clinicID=9&date=2011-10-04" "Mozilla/5.0 (Linux; U; Android 2.3; en-in; iBall Slide i7011 Build/GINGERBREAD) AppleWebKit/533.1 (KHTML, like Gecko) Version/4.0 Mobile Safari/533.1"
192.168.1.232 - - [07/Oct/2011:09:37:45 +0000] "GET /jqmtab/ HTTP/1.1" 200 11748 "http://192.168.1.91/jqmtab/clinic/?clinicID=9&date=2011-10-04" "Mozilla/5.0 (Linux; U; Android 2.3; en-in; iBall Slide i7011 Build/GINGERBREAD) AppleWebKit/533.1 (KHTML, like Gecko) Version/4.0 Mobile Safari/533.1"
192.168.1.91 - - [07/Oct/2011:09:37:45 +0000] "GET /tcp/fcd24e3b4a4b408dafe16a84b7fca513/longpoll?nocache=0.4725330581422895&ack=25 HTTP/1.1" 200 - "http://ditchyourip.com/jqmtab/clinic/?clinicID=9&date=2011-10-19" "Mozilla/5.0 (X11; Linux x86_64) AppleWebKit/534.30 (KHTML, like Gecko) Ubuntu/10.04 Chromium/12.0.742.112 Chrome/12.0.742.112 Safari/534.30"
192.168.1.91 - - [07/Oct/2011:09:37:45 +0000] "GET /tcp/fcd24e3b4a4b408dafe16a84b7fca513/longpoll?nocache=0.4725330581422895&ack=25 HTTP/1.1" 200 12 "http://ditchyourip.com/jqmtab/clinic/?clinicID=9&date=2011-10-19" "Mozilla/5.0 (X11; Linux x86_64) AppleWebKit/534.30 (KHTML, like Gecko) Ubuntu/10.04 Chromium/12.0.742.112 Chrome/12.0.742.112 Safari/534.30"
192.168.1.232 - - [07/Oct/2011:09:37:46 +0000] "POST /tcp/e947937727664948b4ab83486ed0cd1f?nocache=0.30697041004896164&ack=4 HTTP/1.1" 200 2 "http://192.168.1.91/jqmtab/clinic/?clinicID=9&date=2011-10-04" "Mozilla/5.0 (Linux; U; Android 2.3; en-in; iBall Slide i7011 Build/GINGERBREAD) AppleWebKit/533.1 (KHTML, like Gecko) Version/4.0 Mobile Safari/533.1"
192.168.1.232 - - [07/Oct/2011:09:37:46 +0000] "GET /tcp/e947937727664948b4ab83486ed0cd1f/longpoll?nocache=0.30697041004896164&ack=4 HTTP/1.1" 200 30 "http://192.168.1.91/jqmtab/clinic/?clinicID=9&date=2011-10-04" "Mozilla/5.0 (Linux; U; Android 2.3; en-in; iBall Slide i7011 Build/GINGERBREAD) AppleWebKit/533.1 (KHTML, like Gecko) Version/4.0 Mobile Safari/533.1"
192.168.1.232 - - [07/Oct/2011:09:37:48 +0000] "GET /jqmtab/changedate/ HTTP/1.1" 200 439 "http://192.168.1.91/jqmtab/clinic/?clinicID=9&date=2011-10-04" "Mozilla/5.0 (Linux; U; Android 2.3; en-in; iBall Slide i7011 Build/GINGERBREAD) AppleWebKit/533.1 (KHTML, like Gecko) Version/4.0 Mobile Safari/533.1"
192.168.1.232 - - [07/Oct/2011:09:37:59 +0000] "GET /jqmtab/ HTTP/1.1" 200 11748 "http://192.168.1.91/jqmtab/clinic/?clinicID=9&date=2011-10-04" "Mozilla/5.0 (Linux; U; Android 2.3; en-in; iBall Slide i7011 Build/GINGERBREAD) AppleWebKit/533.1 (KHTML, like Gecko) Version/4.0 Mobile Safari/533.1"
192.168.1.232 - - [07/Oct/2011:09:38:05 +0000] "GET /jqmtab/clinic/?clinicID=2&date=2011-11-25 HTTP/1.1" 200 13827 "http://192.168.1.91/jqmtab/clinic/?clinicID=9&date=2011-10-04" "Mozilla/5.0 (Linux; U; Android 2.3; en-in; iBall Slide i7011 Build/GINGERBREAD) AppleWebKit/533.1 (KHTML, like Gecko) Version/4.0 Mobile Safari/533.1"
192.168.1.232 - - [07/Oct/2011:09:38:06 +0000] "GET /tcp?nocache=0.45033629797399044 HTTP/1.1" 200 32 "http://192.168.1.91/jqmtab/clinic/?clinicID=9&date=2011-10-04" "Mozilla/5.0 (Linux; U; Android 2.3; en-in; iBall Slide i7011 Build/GINGERBREAD) AppleWebKit/533.1 (KHTML, like Gecko) Version/4.0 Mobile Safari/533.1"
192.168.1.232 - - [07/Oct/2011:09:38:06 +0000] "GET /tcp/5b348d3109454e00a80cade719b2a033/longpoll?nocache=0.45033629797399044 HTTP/1.1" 200 68 "http://192.168.1.91/jqmtab/clinic/?clinicID=9&date=2011-10-04" "Mozilla/5.0 (Linux; U; Android 2.3; en-in; iBall Slide i7011 Build/GINGERBREAD) AppleWebKit/533.1 (KHTML, like Gecko) Version/4.0 Mobile Safari/533.1"
192.168.1.232 - - [07/Oct/2011:09:38:06 +0000] "POST /tcp/5b348d3109454e00a80cade719b2a033?nocache=0.45033629797399044&ack=2 HTTP/1.1" 200 2 "http://192.168.1.91/jqmtab/clinic/?clinicID=9&date=2011-10-04" "Mozilla/5.0 (Linux; U; Android 2.3; en-in; iBall Slide i7011 Build/GINGERBREAD) AppleWebKit/533.1 (KHTML, like Gecko) Version/4.0 Mobile Safari/533.1"
192.168.1.232 - - [07/Oct/2011:09:38:06 +0000] "GET /GetFullEventAttrMap/?clinicID=2 HTTP/1.1" 200 1423 "http://192.168.1.91/jqmtab/clinic/?clinicID=9&date=2011-10-04" "Mozilla/5.0 (Linux; U; Android 2.3; en-in; iBall Slide i7011 Build/GINGERBREAD) AppleWebKit/533.1 (KHTML, like Gecko) Version/4.0 Mobile Safari/533.1"
192.168.1.232 - - [07/Oct/2011:09:38:06 +0000] "GET /tcp/5b348d3109454e00a80cade719b2a033/longpoll?nocache=0.45033629797399044&ack=2 HTTP/1.1" 200 18 "http://192.168.1.91/jqmtab/clinic/?clinicID=9&date=2011-10-04" "Mozilla/5.0 (Linux; U; Android 2.3; en-in; iBall Slide i7011 Build/GINGERBREAD) AppleWebKit/533.1 (KHTML, like Gecko) Version/4.0 Mobile Safari/533.1"
192.168.1.232 - - [07/Oct/2011:09:38:06 +0000] "POST /tcp/5b348d3109454e00a80cade719b2a033?nocache=0.45033629797399044&ack=3 HTTP/1.1" 200 2 "http://192.168.1.91/jqmtab/clinic/?clinicID=9&date=2011-10-04" "Mozilla/5.0 (Linux; U; Android 2.3; en-in; iBall Slide i7011 Build/GINGERBREAD) AppleWebKit/533.1 (KHTML, like Gecko) Version/4.0 Mobile Safari/533.1"
192.168.1.232 - - [07/Oct/2011:09:38:06 +0000] "GET /tcp/5b348d3109454e00a80cade719b2a033/longpoll?nocache=0.45033629797399044&ack=3 HTTP/1.1" 200 51 "http://192.168.1.91/jqmtab/clinic/?clinicID=9&date=2011-10-04" "Mozilla/5.0 (Linux; U; Android 2.3; en-in; iBall Slide i7011 Build/GINGERBREAD) AppleWebKit/533.1 (KHTML, like Gecko) Version/4.0 Mobile Safari/533.1"
192.168.1.232 - - [07/Oct/2011:09:38:06 +0000] "POST /tcp/5b348d3109454e00a80cade719b2a033?nocache=0.45033629797399044&ack=4 HTTP/1.1" 200 2 "http://192.168.1.91/jqmtab/clinic/?clinicID=9&date=2011-10-04" "Mozilla/5.0 (Linux; U; Android 2.3; en-in; iBall Slide i7011 Build/GINGERBREAD) AppleWebKit/533.1 (KHTML, like Gecko) Version/4.0 Mobile Safari/533.1"
192.168.1.232 - - [07/Oct/2011:09:38:10 +0000] "GET /jqmtab/ HTTP/1.1" 200 11748 "http://192.168.1.91/jqmtab/clinic/?clinicID=9&date=2011-10-04" "Mozilla/5.0 (Linux; U; Android 2.3; en-in; iBall Slide i7011 Build/GINGERBREAD) AppleWebKit/533.1 (KHTML, like Gecko) Version/4.0 Mobile Safari/533.1"
192.168.1.232 - - [07/Oct/2011:09:38:11 +0000] "POST /tcp/5b348d3109454e00a80cade719b2a033?nocache=0.45033629797399044&ack=4 HTTP/1.1" 200 2 "http://192.168.1.91/jqmtab/clinic/?clinicID=9&date=2011-10-04" "Mozilla/5.0 (Linux; U; Android 2.3; en-in; iBall Slide i7011 Build/GINGERBREAD) AppleWebKit/533.1 (KHTML, like Gecko) Version/4.0 Mobile Safari/533.1"
192.168.1.232 - - [07/Oct/2011:09:38:11 +0000] "GET /tcp/5b348d3109454e00a80cade719b2a033/longpoll?nocache=0.45033629797399044&ack=4 HTTP/1.1" 200 30 "http://192.168.1.91/jqmtab/clinic/?clinicID=9&date=2011-10-04" "Mozilla/5.0 (Linux; U; Android 2.3; en-in; iBall Slide i7011 Build/GINGERBREAD) AppleWebKit/533.1 (KHTML, like Gecko) Version/4.0 Mobile Safari/533.1"
192.168.1.232 - - [07/Oct/2011:09:38:13 +0000] "GET /jqmtab/clinic/?clinicID=9&date=2011-11-25 HTTP/1.1" 200 13558 "http://192.168.1.91/jqmtab/clinic/?clinicID=9&date=2011-10-04" "Mozilla/5.0 (Linux; U; Android 2.3; en-in; iBall Slide i7011 Build/GINGERBREAD) AppleWebKit/533.1 (KHTML, like Gecko) Version/4.0 Mobile Safari/533.1"
192.168.1.232 - - [07/Oct/2011:09:38:15 +0000] "GET /tcp?nocache=0.09173348918557167 HTTP/1.1" 200 32 "http://192.168.1.91/jqmtab/clinic/?clinicID=9&date=2011-10-04" "Mozilla/5.0 (Linux; U; Android 2.3; en-in; iBall Slide i7011 Build/GINGERBREAD) AppleWebKit/533.1 (KHTML, like Gecko) Version/4.0 Mobile Safari/533.1"
192.168.1.232 - - [07/Oct/2011:09:38:15 +0000] "GET /tcp/64df832055034236ab48849ae6bf7e86/longpoll?nocache=0.09173348918557167 HTTP/1.1" 200 68 "http://192.168.1.91/jqmtab/clinic/?clinicID=9&date=2011-10-04" "Mozilla/5.0 (Linux; U; Android 2.3; en-in; iBall Slide i7011 Build/GINGERBREAD) AppleWebKit/533.1 (KHTML, like Gecko) Version/4.0 Mobile Safari/533.1"
192.168.1.232 - - [07/Oct/2011:09:38:15 +0000] "POST /tcp/64df832055034236ab48849ae6bf7e86?nocache=0.09173348918557167&ack=2 HTTP/1.1" 200 2 "http://192.168.1.91/jqmtab/clinic/?clinicID=9&date=2011-10-04" "Mozilla/5.0 (Linux; U; Android 2.3; en-in; iBall Slide i7011 Build/GINGERBREAD) AppleWebKit/533.1 (KHTML, like Gecko) Version/4.0 Mobile Safari/533.1"
192.168.1.232 - - [07/Oct/2011:09:38:15 +0000] "GET /tcp/64df832055034236ab48849ae6bf7e86/longpoll?nocache=0.09173348918557167&ack=2 HTTP/1.1" 200 18 "http://192.168.1.91/jqmtab/clinic/?clinicID=9&date=2011-10-04" "Mozilla/5.0 (Linux; U; Android 2.3; en-in; iBall Slide i7011 Build/GINGERBREAD) AppleWebKit/533.1 (KHTML, like Gecko) Version/4.0 Mobile Safari/533.1"
192.168.1.232 - - [07/Oct/2011:09:38:15 +0000] "POST /tcp/64df832055034236ab48849ae6bf7e86?nocache=0.09173348918557167&ack=3 HTTP/1.1" 200 2 "http://192.168.1.91/jqmtab/clinic/?clinicID=9&date=2011-10-04" "Mozilla/5.0 (Linux; U; Android 2.3; en-in; iBall Slide i7011 Build/GINGERBREAD) AppleWebKit/533.1 (KHTML, like Gecko) Version/4.0 Mobile Safari/533.1"
192.168.1.232 - - [07/Oct/2011:09:38:15 +0000] "GET /tcp/64df832055034236ab48849ae6bf7e86/longpoll?nocache=0.09173348918557167&ack=3 HTTP/1.1" 200 51 "http://192.168.1.91/jqmtab/clinic/?clinicID=9&date=2011-10-04" "Mozilla/5.0 (Linux; U; Android 2.3; en-in; iBall Slide i7011 Build/GINGERBREAD) AppleWebKit/533.1 (KHTML, like Gecko) Version/4.0 Mobile Safari/533.1"
192.168.1.232 - - [07/Oct/2011:09:38:15 +0000] "POST /tcp/64df832055034236ab48849ae6bf7e86?nocache=0.09173348918557167&ack=4 HTTP/1.1" 200 2 "http://192.168.1.91/jqmtab/clinic/?clinicID=9&date=2011-10-04" "Mozilla/5.0 (Linux; U; Android 2.3; en-in; iBall Slide i7011 Build/GINGERBREAD) AppleWebKit/533.1 (KHTML, like Gecko) Version/4.0 Mobile Safari/533.1"
192.168.1.91 - - [07/Oct/2011:09:38:15 +0000] "GET /tcp/fcd24e3b4a4b408dafe16a84b7fca513/longpoll?nocache=0.4725330581422895&ack=26 HTTP/1.1" 200 - "http://ditchyourip.com/jqmtab/clinic/?clinicID=9&date=2011-10-19" "Mozilla/5.0 (X11; Linux x86_64) AppleWebKit/534.30 (KHTML, like Gecko) Ubuntu/10.04 Chromium/12.0.742.112 Chrome/12.0.742.112 Safari/534.30"
192.168.1.91 - - [07/Oct/2011:09:38:15 +0000] "GET /tcp/fcd24e3b4a4b408dafe16a84b7fca513/longpoll?nocache=0.4725330581422895&ack=26 HTTP/1.1" 200 12 "http://ditchyourip.com/jqmtab/clinic/?clinicID=9&date=2011-10-19" "Mozilla/5.0 (X11; Linux x86_64) AppleWebKit/534.30 (KHTML, like Gecko) Ubuntu/10.04 Chromium/12.0.742.112 Chrome/12.0.742.112 Safari/534.30"
192.168.1.232 - - [07/Oct/2011:09:38:17 +0000] "GET /jqmtab/reports/?clinicID=9&date=2011-11-25 HTTP/1.1" 200 3097 "http://192.168.1.91/jqmtab/clinic/?clinicID=9&date=2011-10-04" "Mozilla/5.0 (Linux; U; Android 2.3; en-in; iBall Slide i7011 Build/GINGERBREAD) AppleWebKit/533.1 (KHTML, like Gecko) Version/4.0 Mobile Safari/533.1"
192.168.1.232 - - [07/Oct/2011:09:38:18 +0000] "POST /tcp/64df832055034236ab48849ae6bf7e86?nocache=0.09173348918557167&ack=4 HTTP/1.1" 200 2 "http://192.168.1.91/jqmtab/clinic/?clinicID=9&date=2011-10-04" "Mozilla/5.0 (Linux; U; Android 2.3; en-in; iBall Slide i7011 Build/GINGERBREAD) AppleWebKit/533.1 (KHTML, like Gecko) Version/4.0 Mobile Safari/533.1"
192.168.1.232 - - [07/Oct/2011:09:38:18 +0000] "GET /tcp/64df832055034236ab48849ae6bf7e86/longpoll?nocache=0.09173348918557167&ack=4 HTTP/1.1" 200 30 "http://192.168.1.91/jqmtab/clinic/?clinicID=9&date=2011-10-04" "Mozilla/5.0 (Linux; U; Android 2.3; en-in; iBall Slide i7011 Build/GINGERBREAD) AppleWebKit/533.1 (KHTML, like Gecko) Version/4.0 Mobile Safari/533.1"
192.168.1.232 - - [07/Oct/2011:09:38:21 +0000] "POST /getJsonReport/ HTTP/1.1" 500 59084 "http://192.168.1.91/jqmtab/clinic/?clinicID=9&date=2011-10-04" "Mozilla/5.0 (Linux; U; Android 2.3; en-in; iBall Slide i7011 Build/GINGERBREAD) AppleWebKit/533.1 (KHTML, like Gecko) Version/4.0 Mobile Safari/533.1"
192.168.1.232 - - [07/Oct/2011:09:38:28 +0000] "GET /jqmtab/clinic/?clinicID=9&date=2011-11-25 HTTP/1.1" 200 13558 "http://192.168.1.91/jqmtab/clinic/?clinicID=9&date=2011-10-04" "Mozilla/5.0 (Linux; U; Android 2.3; en-in; iBall Slide i7011 Build/GINGERBREAD) AppleWebKit/533.1 (KHTML, like Gecko) Version/4.0 Mobile Safari/533.1"
192.168.1.232 - - [07/Oct/2011:09:38:29 +0000] "GET /tcp?nocache=0.9439901728183031 HTTP/1.1" 200 32 "http://192.168.1.91/jqmtab/clinic/?clinicID=9&date=2011-10-04" "Mozilla/5.0 (Linux; U; Android 2.3; en-in; iBall Slide i7011 Build/GINGERBREAD) AppleWebKit/533.1 (KHTML, like Gecko) Version/4.0 Mobile Safari/533.1"
192.168.1.232 - - [07/Oct/2011:09:38:29 +0000] "GET /tcp/58a7533a07ba4a88995eba01b7347db7/longpoll?nocache=0.9439901728183031 HTTP/1.1" 200 68 "http://192.168.1.91/jqmtab/clinic/?clinicID=9&date=2011-10-04" "Mozilla/5.0 (Linux; U; Android 2.3; en-in; iBall Slide i7011 Build/GINGERBREAD) AppleWebKit/533.1 (KHTML, like Gecko) Version/4.0 Mobile Safari/533.1"
192.168.1.232 - - [07/Oct/2011:09:38:29 +0000] "POST /tcp/58a7533a07ba4a88995eba01b7347db7?nocache=0.9439901728183031&ack=2 HTTP/1.1" 200 2 "http://192.168.1.91/jqmtab/clinic/?clinicID=9&date=2011-10-04" "Mozilla/5.0 (Linux; U; Android 2.3; en-in; iBall Slide i7011 Build/GINGERBREAD) AppleWebKit/533.1 (KHTML, like Gecko) Version/4.0 Mobile Safari/533.1"
192.168.1.232 - - [07/Oct/2011:09:38:29 +0000] "GET /tcp/58a7533a07ba4a88995eba01b7347db7/longpoll?nocache=0.9439901728183031&ack=2 HTTP/1.1" 200 18 "http://192.168.1.91/jqmtab/clinic/?clinicID=9&date=2011-10-04" "Mozilla/5.0 (Linux; U; Android 2.3; en-in; iBall Slide i7011 Build/GINGERBREAD) AppleWebKit/533.1 (KHTML, like Gecko) Version/4.0 Mobile Safari/533.1"
192.168.1.232 - - [07/Oct/2011:09:38:29 +0000] "POST /tcp/58a7533a07ba4a88995eba01b7347db7?nocache=0.9439901728183031&ack=3 HTTP/1.1" 200 2 "http://192.168.1.91/jqmtab/clinic/?clinicID=9&date=2011-10-04" "Mozilla/5.0 (Linux; U; Android 2.3; en-in; iBall Slide i7011 Build/GINGERBREAD) AppleWebKit/533.1 (KHTML, like Gecko) Version/4.0 Mobile Safari/533.1"
192.168.1.232 - - [07/Oct/2011:09:38:29 +0000] "GET /tcp/58a7533a07ba4a88995eba01b7347db7/longpoll?nocache=0.9439901728183031&ack=3 HTTP/1.1" 200 51 "http://192.168.1.91/jqmtab/clinic/?clinicID=9&date=2011-10-04" "Mozilla/5.0 (Linux; U; Android 2.3; en-in; iBall Slide i7011 Build/GINGERBREAD) AppleWebKit/533.1 (KHTML, like Gecko) Version/4.0 Mobile Safari/533.1"
192.168.1.232 - - [07/Oct/2011:09:38:30 +0000] "POST /tcp/58a7533a07ba4a88995eba01b7347db7?nocache=0.9439901728183031&ack=4 HTTP/1.1" 200 2 "http://192.168.1.91/jqmtab/clinic/?clinicID=9&date=2011-10-04" "Mozilla/5.0 (Linux; U; Android 2.3; en-in; iBall Slide i7011 Build/GINGERBREAD) AppleWebKit/533.1 (KHTML, like Gecko) Version/4.0 Mobile Safari/533.1"
192.168.1.232 - - [07/Oct/2011:09:38:36 +0000] "GET /jqmtab/payment/?clinicID=9&date=2011-11-25 HTTP/1.1" 200 1186 "http://192.168.1.91/jqmtab/clinic/?clinicID=9&date=2011-10-04" "Mozilla/5.0 (Linux; U; Android 2.3; en-in; iBall Slide i7011 Build/GINGERBREAD) AppleWebKit/533.1 (KHTML, like Gecko) Version/4.0 Mobile Safari/533.1"
192.168.1.232 - - [07/Oct/2011:09:38:37 +0000] "POST /tcp/58a7533a07ba4a88995eba01b7347db7?nocache=0.9439901728183031&ack=4 HTTP/1.1" 200 2 "http://192.168.1.91/jqmtab/clinic/?clinicID=9&date=2011-10-04" "Mozilla/5.0 (Linux; U; Android 2.3; en-in; iBall Slide i7011 Build/GINGERBREAD) AppleWebKit/533.1 (KHTML, like Gecko) Version/4.0 Mobile Safari/533.1"
192.168.1.232 - - [07/Oct/2011:09:38:37 +0000] "GET /tcp/58a7533a07ba4a88995eba01b7347db7/longpoll?nocache=0.9439901728183031&ack=4 HTTP/1.1" 200 30 "http://192.168.1.91/jqmtab/clinic/?clinicID=9&date=2011-10-04" "Mozilla/5.0 (Linux; U; Android 2.3; en-in; iBall Slide i7011 Build/GINGERBREAD) AppleWebKit/533.1 (KHTML, like Gecko) Version/4.0 Mobile Safari/533.1"
192.168.1.232 - - [07/Oct/2011:09:38:38 +0000] "GET /jqmtab/clinic/?clinicID=9&date=2011-11-25 HTTP/1.1" 200 13558 "http://192.168.1.91/jqmtab/clinic/?clinicID=9&date=2011-10-04" "Mozilla/5.0 (Linux; U; Android 2.3; en-in; iBall Slide i7011 Build/GINGERBREAD) AppleWebKit/533.1 (KHTML, like Gecko) Version/4.0 Mobile Safari/533.1"
192.168.1.232 - - [07/Oct/2011:09:38:39 +0000] "GET /tcp?nocache=0.23263958375900984 HTTP/1.1" 200 32 "http://192.168.1.91/jqmtab/clinic/?clinicID=9&date=2011-10-04" "Mozilla/5.0 (Linux; U; Android 2.3; en-in; iBall Slide i7011 Build/GINGERBREAD) AppleWebKit/533.1 (KHTML, like Gecko) Version/4.0 Mobile Safari/533.1"
192.168.1.232 - - [07/Oct/2011:09:38:40 +0000] "GET /tcp/07b2fe6177f2422d8eb38d3ca63b09cd/longpoll?nocache=0.23263958375900984 HTTP/1.1" 200 68 "http://192.168.1.91/jqmtab/clinic/?clinicID=9&date=2011-10-04" "Mozilla/5.0 (Linux; U; Android 2.3; en-in; iBall Slide i7011 Build/GINGERBREAD) AppleWebKit/533.1 (KHTML, like Gecko) Version/4.0 Mobile Safari/533.1"
192.168.1.232 - - [07/Oct/2011:09:38:40 +0000] "POST /tcp/07b2fe6177f2422d8eb38d3ca63b09cd?nocache=0.23263958375900984&ack=2 HTTP/1.1" 200 2 "http://192.168.1.91/jqmtab/clinic/?clinicID=9&date=2011-10-04" "Mozilla/5.0 (Linux; U; Android 2.3; en-in; iBall Slide i7011 Build/GINGERBREAD) AppleWebKit/533.1 (KHTML, like Gecko) Version/4.0 Mobile Safari/533.1"
192.168.1.232 - - [07/Oct/2011:09:38:40 +0000] "GET /tcp/07b2fe6177f2422d8eb38d3ca63b09cd/longpoll?nocache=0.23263958375900984&ack=2 HTTP/1.1" 200 18 "http://192.168.1.91/jqmtab/clinic/?clinicID=9&date=2011-10-04" "Mozilla/5.0 (Linux; U; Android 2.3; en-in; iBall Slide i7011 Build/GINGERBREAD) AppleWebKit/533.1 (KHTML, like Gecko) Version/4.0 Mobile Safari/533.1"
192.168.1.232 - - [07/Oct/2011:09:38:40 +0000] "POST /tcp/07b2fe6177f2422d8eb38d3ca63b09cd?nocache=0.23263958375900984&ack=3 HTTP/1.1" 200 2 "http://192.168.1.91/jqmtab/clinic/?clinicID=9&date=2011-10-04" "Mozilla/5.0 (Linux; U; Android 2.3; en-in; iBall Slide i7011 Build/GINGERBREAD) AppleWebKit/533.1 (KHTML, like Gecko) Version/4.0 Mobile Safari/533.1"
192.168.1.232 - - [07/Oct/2011:09:38:40 +0000] "GET /tcp/07b2fe6177f2422d8eb38d3ca63b09cd/longpoll?nocache=0.23263958375900984&ack=3 HTTP/1.1" 200 51 "http://192.168.1.91/jqmtab/clinic/?clinicID=9&date=2011-10-04" "Mozilla/5.0 (Linux; U; Android 2.3; en-in; iBall Slide i7011 Build/GINGERBREAD) AppleWebKit/533.1 (KHTML, like Gecko) Version/4.0 Mobile Safari/533.1"
192.168.1.232 - - [07/Oct/2011:09:38:40 +0000] "POST /tcp/07b2fe6177f2422d8eb38d3ca63b09cd?nocache=0.23263958375900984&ack=4 HTTP/1.1" 200 2 "http://192.168.1.91/jqmtab/clinic/?clinicID=9&date=2011-10-04" "Mozilla/5.0 (Linux; U; Android 2.3; en-in; iBall Slide i7011 Build/GINGERBREAD) AppleWebKit/533.1 (KHTML, like Gecko) Version/4.0 Mobile Safari/533.1"
192.168.1.232 - - [07/Oct/2011:09:38:41 +0000] "GET /jqmtab/ HTTP/1.1" 200 11748 "http://192.168.1.91/jqmtab/clinic/?clinicID=9&date=2011-10-04" "Mozilla/5.0 (Linux; U; Android 2.3; en-in; iBall Slide i7011 Build/GINGERBREAD) AppleWebKit/533.1 (KHTML, like Gecko) Version/4.0 Mobile Safari/533.1"
192.168.1.232 - - [07/Oct/2011:09:38:42 +0000] "POST /tcp/07b2fe6177f2422d8eb38d3ca63b09cd?nocache=0.23263958375900984&ack=4 HTTP/1.1" 200 2 "http://192.168.1.91/jqmtab/clinic/?clinicID=9&date=2011-10-04" "Mozilla/5.0 (Linux; U; Android 2.3; en-in; iBall Slide i7011 Build/GINGERBREAD) AppleWebKit/533.1 (KHTML, like Gecko) Version/4.0 Mobile Safari/533.1"
192.168.1.232 - - [07/Oct/2011:09:38:42 +0000] "GET /tcp/07b2fe6177f2422d8eb38d3ca63b09cd/longpoll?nocache=0.23263958375900984&ack=4 HTTP/1.1" 200 30 "http://192.168.1.91/jqmtab/clinic/?clinicID=9&date=2011-10-04" "Mozilla/5.0 (Linux; U; Android 2.3; en-in; iBall Slide i7011 Build/GINGERBREAD) AppleWebKit/533.1 (KHTML, like Gecko) Version/4.0 Mobile Safari/533.1"
192.168.1.232 - - [07/Oct/2011:09:38:43 +0000] "GET /jqmtab/changedate/ HTTP/1.1" 200 439 "http://192.168.1.91/jqmtab/clinic/?clinicID=9&date=2011-10-04" "Mozilla/5.0 (Linux; U; Android 2.3; en-in; iBall Slide i7011 Build/GINGERBREAD) AppleWebKit/533.1 (KHTML, like Gecko) Version/4.0 Mobile Safari/533.1"
192.168.1.91 - - [07/Oct/2011:09:38:45 +0000] "GET /tcp/fcd24e3b4a4b408dafe16a84b7fca513/longpoll?nocache=0.4725330581422895&ack=27 HTTP/1.1" 200 - "http://ditchyourip.com/jqmtab/clinic/?clinicID=9&date=2011-10-19" "Mozilla/5.0 (X11; Linux x86_64) AppleWebKit/534.30 (KHTML, like Gecko) Ubuntu/10.04 Chromium/12.0.742.112 Chrome/12.0.742.112 Safari/534.30"
192.168.1.91 - - [07/Oct/2011:09:38:45 +0000] "GET /tcp/fcd24e3b4a4b408dafe16a84b7fca513/longpoll?nocache=0.4725330581422895&ack=27 HTTP/1.1" 200 12 "http://ditchyourip.com/jqmtab/clinic/?clinicID=9&date=2011-10-19" "Mozilla/5.0 (X11; Linux x86_64) AppleWebKit/534.30 (KHTML, like Gecko) Ubuntu/10.04 Chromium/12.0.742.112 Chrome/12.0.742.112 Safari/534.30"
192.168.1.232 - - [07/Oct/2011:09:38:50 +0000] "GET /jqmtab/ HTTP/1.1" 200 11748 "http://192.168.1.91/jqmtab/clinic/?clinicID=9&date=2011-10-04" "Mozilla/5.0 (Linux; U; Android 2.3; en-in; iBall Slide i7011 Build/GINGERBREAD) AppleWebKit/533.1 (KHTML, like Gecko) Version/4.0 Mobile Safari/533.1"
192.168.1.232 - - [07/Oct/2011:09:38:55 +0000] "GET /tcp?nocache=0.8946484299376607 HTTP/1.1" 200 32 "http://192.168.1.91/jqmtab/clinic/?clinicID=9&date=2011-10-04" "Mozilla/5.0 (Linux; U; Android 2.3; en-in; iBall Slide i7011 Build/GINGERBREAD) AppleWebKit/533.1 (KHTML, like Gecko) Version/4.0 Mobile Safari/533.1"
192.168.1.232 - - [07/Oct/2011:09:38:55 +0000] "GET /tcp/2ae3654e1d4d4c5f8f1999d2025f7097/longpoll?nocache=0.8946484299376607 HTTP/1.1" 200 68 "http://192.168.1.91/jqmtab/clinic/?clinicID=9&date=2011-10-04" "Mozilla/5.0 (Linux; U; Android 2.3; en-in; iBall Slide i7011 Build/GINGERBREAD) AppleWebKit/533.1 (KHTML, like Gecko) Version/4.0 Mobile Safari/533.1"
192.168.1.232 - - [07/Oct/2011:09:38:55 +0000] "POST /tcp/2ae3654e1d4d4c5f8f1999d2025f7097?nocache=0.8946484299376607&ack=2 HTTP/1.1" 200 2 "http://192.168.1.91/jqmtab/clinic/?clinicID=9&date=2011-10-04" "Mozilla/5.0 (Linux; U; Android 2.3; en-in; iBall Slide i7011 Build/GINGERBREAD) AppleWebKit/533.1 (KHTML, like Gecko) Version/4.0 Mobile Safari/533.1"
192.168.1.232 - - [07/Oct/2011:09:38:55 +0000] "GET /tcp/2ae3654e1d4d4c5f8f1999d2025f7097/longpoll?nocache=0.8946484299376607&ack=2 HTTP/1.1" 200 18 "http://192.168.1.91/jqmtab/clinic/?clinicID=9&date=2011-10-04" "Mozilla/5.0 (Linux; U; Android 2.3; en-in; iBall Slide i7011 Build/GINGERBREAD) AppleWebKit/533.1 (KHTML, like Gecko) Version/4.0 Mobile Safari/533.1"
192.168.1.232 - - [07/Oct/2011:09:38:55 +0000] "POST /tcp/2ae3654e1d4d4c5f8f1999d2025f7097?nocache=0.8946484299376607&ack=3 HTTP/1.1" 200 2 "http://192.168.1.91/jqmtab/clinic/?clinicID=9&date=2011-10-04" "Mozilla/5.0 (Linux; U; Android 2.3; en-in; iBall Slide i7011 Build/GINGERBREAD) AppleWebKit/533.1 (KHTML, like Gecko) Version/4.0 Mobile Safari/533.1"
192.168.1.232 - - [07/Oct/2011:09:38:55 +0000] "GET /tcp/2ae3654e1d4d4c5f8f1999d2025f7097/longpoll?nocache=0.8946484299376607&ack=3 HTTP/1.1" 200 51 "http://192.168.1.91/jqmtab/clinic/?clinicID=9&date=2011-10-04" "Mozilla/5.0 (Linux; U; Android 2.3; en-in; iBall Slide i7011 Build/GINGERBREAD) AppleWebKit/533.1 (KHTML, like Gecko) Version/4.0 Mobile Safari/533.1"
192.168.1.232 - - [07/Oct/2011:09:38:55 +0000] "POST /tcp/2ae3654e1d4d4c5f8f1999d2025f7097?nocache=0.8946484299376607&ack=4 HTTP/1.1" 200 2 "http://192.168.1.91/jqmtab/clinic/?clinicID=9&date=2011-10-04" "Mozilla/5.0 (Linux; U; Android 2.3; en-in; iBall Slide i7011 Build/GINGERBREAD) AppleWebKit/533.1 (KHTML, like Gecko) Version/4.0 Mobile Safari/533.1"
192.168.1.232 - - [07/Oct/2011:09:39:06 +0000] "GET /jqmtab/ HTTP/1.1" 200 11748 "http://192.168.1.91/jqmtab/clinic/?clinicID=9&date=2011-10-04" "Mozilla/5.0 (Linux; U; Android 2.3; en-in; iBall Slide i7011 Build/GINGERBREAD) AppleWebKit/533.1 (KHTML, like Gecko) Version/4.0 Mobile Safari/533.1"
192.168.1.232 - - [07/Oct/2011:09:39:07 +0000] "POST /tcp/2ae3654e1d4d4c5f8f1999d2025f7097?nocache=0.8946484299376607&ack=4 HTTP/1.1" 200 2 "http://192.168.1.91/jqmtab/clinic/?clinicID=9&date=2011-10-04" "Mozilla/5.0 (Linux; U; Android 2.3; en-in; iBall Slide i7011 Build/GINGERBREAD) AppleWebKit/533.1 (KHTML, like Gecko) Version/4.0 Mobile Safari/533.1"
192.168.1.232 - - [07/Oct/2011:09:39:07 +0000] "GET /tcp/2ae3654e1d4d4c5f8f1999d2025f7097/longpoll?nocache=0.8946484299376607&ack=4 HTTP/1.1" 200 30 "http://192.168.1.91/jqmtab/clinic/?clinicID=9&date=2011-10-04" "Mozilla/5.0 (Linux; U; Android 2.3; en-in; iBall Slide i7011 Build/GINGERBREAD) AppleWebKit/533.1 (KHTML, like Gecko) Version/4.0 Mobile Safari/533.1"
192.168.1.232 - - [07/Oct/2011:09:39:14 +0000] "GET /tcp?nocache=0.15778263565152884 HTTP/1.1" 200 32 "http://192.168.1.91/jqmtab/clinic/?clinicID=9&date=2011-10-04" "Mozilla/5.0 (Linux; U; Android 2.3; en-in; iBall Slide i7011 Build/GINGERBREAD) AppleWebKit/533.1 (KHTML, like Gecko) Version/4.0 Mobile Safari/533.1"
192.168.1.232 - - [07/Oct/2011:09:39:15 +0000] "GET /tcp/79447f27f53947848cbc211b6fc39590/longpoll?nocache=0.15778263565152884 HTTP/1.1" 200 68 "http://192.168.1.91/jqmtab/clinic/?clinicID=9&date=2011-10-04" "Mozilla/5.0 (Linux; U; Android 2.3; en-in; iBall Slide i7011 Build/GINGERBREAD) AppleWebKit/533.1 (KHTML, like Gecko) Version/4.0 Mobile Safari/533.1"
192.168.1.232 - - [07/Oct/2011:09:39:15 +0000] "POST /tcp/79447f27f53947848cbc211b6fc39590?nocache=0.15778263565152884&ack=2 HTTP/1.1" 200 2 "http://192.168.1.91/jqmtab/clinic/?clinicID=9&date=2011-10-04" "Mozilla/5.0 (Linux; U; Android 2.3; en-in; iBall Slide i7011 Build/GINGERBREAD) AppleWebKit/533.1 (KHTML, like Gecko) Version/4.0 Mobile Safari/533.1"
192.168.1.232 - - [07/Oct/2011:09:39:15 +0000] "GET /tcp/79447f27f53947848cbc211b6fc39590/longpoll?nocache=0.15778263565152884&ack=2 HTTP/1.1" 200 18 "http://192.168.1.91/jqmtab/clinic/?clinicID=9&date=2011-10-04" "Mozilla/5.0 (Linux; U; Android 2.3; en-in; iBall Slide i7011 Build/GINGERBREAD) AppleWebKit/533.1 (KHTML, like Gecko) Version/4.0 Mobile Safari/533.1"
192.168.1.232 - - [07/Oct/2011:09:39:15 +0000] "POST /tcp/79447f27f53947848cbc211b6fc39590?nocache=0.15778263565152884&ack=3 HTTP/1.1" 200 2 "http://192.168.1.91/jqmtab/clinic/?clinicID=9&date=2011-10-04" "Mozilla/5.0 (Linux; U; Android 2.3; en-in; iBall Slide i7011 Build/GINGERBREAD) AppleWebKit/533.1 (KHTML, like Gecko) Version/4.0 Mobile Safari/533.1"
192.168.1.232 - - [07/Oct/2011:09:39:15 +0000] "GET /tcp/79447f27f53947848cbc211b6fc39590/longpoll?nocache=0.15778263565152884&ack=3 HTTP/1.1" 200 51 "http://192.168.1.91/jqmtab/clinic/?clinicID=9&date=2011-10-04" "Mozilla/5.0 (Linux; U; Android 2.3; en-in; iBall Slide i7011 Build/GINGERBREAD) AppleWebKit/533.1 (KHTML, like Gecko) Version/4.0 Mobile Safari/533.1"
192.168.1.232 - - [07/Oct/2011:09:39:15 +0000] "POST /tcp/79447f27f53947848cbc211b6fc39590?nocache=0.15778263565152884&ack=4 HTTP/1.1" 200 2 "http://192.168.1.91/jqmtab/clinic/?clinicID=9&date=2011-10-04" "Mozilla/5.0 (Linux; U; Android 2.3; en-in; iBall Slide i7011 Build/GINGERBREAD) AppleWebKit/533.1 (KHTML, like Gecko) Version/4.0 Mobile Safari/533.1"
192.168.1.91 - - [07/Oct/2011:09:39:15 +0000] "GET /tcp/fcd24e3b4a4b408dafe16a84b7fca513/longpoll?nocache=0.4725330581422895&ack=28 HTTP/1.1" 200 - "http://ditchyourip.com/jqmtab/clinic/?clinicID=9&date=2011-10-19" "Mozilla/5.0 (X11; Linux x86_64) AppleWebKit/534.30 (KHTML, like Gecko) Ubuntu/10.04 Chromium/12.0.742.112 Chrome/12.0.742.112 Safari/534.30"
192.168.1.91 - - [07/Oct/2011:09:39:15 +0000] "GET /tcp/fcd24e3b4a4b408dafe16a84b7fca513/longpoll?nocache=0.4725330581422895&ack=28 HTTP/1.1" 200 12 "http://ditchyourip.com/jqmtab/clinic/?clinicID=9&date=2011-10-19" "Mozilla/5.0 (X11; Linux x86_64) AppleWebKit/534.30 (KHTML, like Gecko) Ubuntu/10.04 Chromium/12.0.742.112 Chrome/12.0.742.112 Safari/534.30"
192.168.1.232 - - [07/Oct/2011:09:39:19 +0000] "GET /jqmtab/ HTTP/1.1" 200 11748 "http://192.168.1.91/jqmtab/clinic/?clinicID=9&date=2011-10-04" "Mozilla/5.0 (Linux; U; Android 2.3; en-in; iBall Slide i7011 Build/GINGERBREAD) AppleWebKit/533.1 (KHTML, like Gecko) Version/4.0 Mobile Safari/533.1"
192.168.1.232 - - [07/Oct/2011:09:39:20 +0000] "POST /tcp/79447f27f53947848cbc211b6fc39590?nocache=0.15778263565152884&ack=4 HTTP/1.1" 200 2 "http://192.168.1.91/jqmtab/clinic/?clinicID=9&date=2011-10-04" "Mozilla/5.0 (Linux; U; Android 2.3; en-in; iBall Slide i7011 Build/GINGERBREAD) AppleWebKit/533.1 (KHTML, like Gecko) Version/4.0 Mobile Safari/533.1"
192.168.1.232 - - [07/Oct/2011:09:39:20 +0000] "GET /tcp/79447f27f53947848cbc211b6fc39590/longpoll?nocache=0.15778263565152884&ack=4 HTTP/1.1" 200 30 "http://192.168.1.91/jqmtab/clinic/?clinicID=9&date=2011-10-04" "Mozilla/5.0 (Linux; U; Android 2.3; en-in; iBall Slide i7011 Build/GINGERBREAD) AppleWebKit/533.1 (KHTML, like Gecko) Version/4.0 Mobile Safari/533.1"
192.168.1.232 - - [07/Oct/2011:09:39:22 +0000] "GET /jqmtab/changedate/ HTTP/1.1" 200 439 "http://192.168.1.91/jqmtab/clinic/?clinicID=9&date=2011-10-04" "Mozilla/5.0 (Linux; U; Android 2.3; en-in; iBall Slide i7011 Build/GINGERBREAD) AppleWebKit/533.1 (KHTML, like Gecko) Version/4.0 Mobile Safari/533.1"
192.168.1.232 - - [07/Oct/2011:09:39:28 +0000] "GET /jqmtab/ HTTP/1.1" 200 11748 "http://192.168.1.91/jqmtab/clinic/?clinicID=9&date=2011-10-04" "Mozilla/5.0 (Linux; U; Android 2.3; en-in; iBall Slide i7011 Build/GINGERBREAD) AppleWebKit/533.1 (KHTML, like Gecko) Version/4.0 Mobile Safari/533.1"
192.168.1.232 - - [07/Oct/2011:09:39:34 +0000] "GET /jqmtab/clinic/?clinicID=9&date=2011-10-05 HTTP/1.1" 200 15496 "http://192.168.1.91/jqmtab/clinic/?clinicID=9&date=2011-10-04" "Mozilla/5.0 (Linux; U; Android 2.3; en-in; iBall Slide i7011 Build/GINGERBREAD) AppleWebKit/533.1 (KHTML, like Gecko) Version/4.0 Mobile Safari/533.1"
192.168.1.232 - - [07/Oct/2011:09:39:35 +0000] "GET /tcp?nocache=0.30427121836692095 HTTP/1.1" 200 32 "http://192.168.1.91/jqmtab/clinic/?clinicID=9&date=2011-10-04" "Mozilla/5.0 (Linux; U; Android 2.3; en-in; iBall Slide i7011 Build/GINGERBREAD) AppleWebKit/533.1 (KHTML, like Gecko) Version/4.0 Mobile Safari/533.1"
192.168.1.232 - - [07/Oct/2011:09:39:35 +0000] "GET /tcp/38d7fa6fc108452ab3560f176ea463d5/longpoll?nocache=0.30427121836692095 HTTP/1.1" 200 68 "http://192.168.1.91/jqmtab/clinic/?clinicID=9&date=2011-10-04" "Mozilla/5.0 (Linux; U; Android 2.3; en-in; iBall Slide i7011 Build/GINGERBREAD) AppleWebKit/533.1 (KHTML, like Gecko) Version/4.0 Mobile Safari/533.1"
192.168.1.232 - - [07/Oct/2011:09:39:35 +0000] "POST /tcp/38d7fa6fc108452ab3560f176ea463d5?nocache=0.30427121836692095&ack=2 HTTP/1.1" 200 2 "http://192.168.1.91/jqmtab/clinic/?clinicID=9&date=2011-10-04" "Mozilla/5.0 (Linux; U; Android 2.3; en-in; iBall Slide i7011 Build/GINGERBREAD) AppleWebKit/533.1 (KHTML, like Gecko) Version/4.0 Mobile Safari/533.1"
192.168.1.232 - - [07/Oct/2011:09:39:35 +0000] "GET /tcp/38d7fa6fc108452ab3560f176ea463d5/longpoll?nocache=0.30427121836692095&ack=2 HTTP/1.1" 200 18 "http://192.168.1.91/jqmtab/clinic/?clinicID=9&date=2011-10-04" "Mozilla/5.0 (Linux; U; Android 2.3; en-in; iBall Slide i7011 Build/GINGERBREAD) AppleWebKit/533.1 (KHTML, like Gecko) Version/4.0 Mobile Safari/533.1"
192.168.1.232 - - [07/Oct/2011:09:39:35 +0000] "POST /tcp/38d7fa6fc108452ab3560f176ea463d5?nocache=0.30427121836692095&ack=3 HTTP/1.1" 200 2 "http://192.168.1.91/jqmtab/clinic/?clinicID=9&date=2011-10-04" "Mozilla/5.0 (Linux; U; Android 2.3; en-in; iBall Slide i7011 Build/GINGERBREAD) AppleWebKit/533.1 (KHTML, like Gecko) Version/4.0 Mobile Safari/533.1"
192.168.1.232 - - [07/Oct/2011:09:39:35 +0000] "GET /tcp/38d7fa6fc108452ab3560f176ea463d5/longpoll?nocache=0.30427121836692095&ack=3 HTTP/1.1" 200 51 "http://192.168.1.91/jqmtab/clinic/?clinicID=9&date=2011-10-04" "Mozilla/5.0 (Linux; U; Android 2.3; en-in; iBall Slide i7011 Build/GINGERBREAD) AppleWebKit/533.1 (KHTML, like Gecko) Version/4.0 Mobile Safari/533.1"
192.168.1.232 - - [07/Oct/2011:09:39:35 +0000] "POST /tcp/38d7fa6fc108452ab3560f176ea463d5?nocache=0.30427121836692095&ack=4 HTTP/1.1" 200 2 "http://192.168.1.91/jqmtab/clinic/?clinicID=9&date=2011-10-04" "Mozilla/5.0 (Linux; U; Android 2.3; en-in; iBall Slide i7011 Build/GINGERBREAD) AppleWebKit/533.1 (KHTML, like Gecko) Version/4.0 Mobile Safari/533.1"
192.168.1.232 - - [07/Oct/2011:09:39:41 +0000] "GET /jqmtab/ HTTP/1.1" 200 11748 "http://192.168.1.91/jqmtab/clinic/?clinicID=9&date=2011-10-04" "Mozilla/5.0 (Linux; U; Android 2.3; en-in; iBall Slide i7011 Build/GINGERBREAD) AppleWebKit/533.1 (KHTML, like Gecko) Version/4.0 Mobile Safari/533.1"
192.168.1.232 - - [07/Oct/2011:09:39:43 +0000] "POST /tcp/38d7fa6fc108452ab3560f176ea463d5?nocache=0.30427121836692095&ack=4 HTTP/1.1" 200 2 "http://192.168.1.91/jqmtab/clinic/?clinicID=9&date=2011-10-04" "Mozilla/5.0 (Linux; U; Android 2.3; en-in; iBall Slide i7011 Build/GINGERBREAD) AppleWebKit/533.1 (KHTML, like Gecko) Version/4.0 Mobile Safari/533.1"
192.168.1.232 - - [07/Oct/2011:09:39:43 +0000] "GET /tcp/38d7fa6fc108452ab3560f176ea463d5/longpoll?nocache=0.30427121836692095&ack=4 HTTP/1.1" 200 30 "http://192.168.1.91/jqmtab/clinic/?clinicID=9&date=2011-10-04" "Mozilla/5.0 (Linux; U; Android 2.3; en-in; iBall Slide i7011 Build/GINGERBREAD) AppleWebKit/533.1 (KHTML, like Gecko) Version/4.0 Mobile Safari/533.1"
192.168.1.232 - - [07/Oct/2011:09:39:45 +0000] "GET /jqmtab/changedate/ HTTP/1.1" 200 439 "http://192.168.1.91/jqmtab/clinic/?clinicID=9&date=2011-10-04" "Mozilla/5.0 (Linux; U; Android 2.3; en-in; iBall Slide i7011 Build/GINGERBREAD) AppleWebKit/533.1 (KHTML, like Gecko) Version/4.0 Mobile Safari/533.1"
192.168.1.91 - - [07/Oct/2011:09:39:45 +0000] "GET /tcp/fcd24e3b4a4b408dafe16a84b7fca513/longpoll?nocache=0.4725330581422895&ack=29 HTTP/1.1" 200 - "http://ditchyourip.com/jqmtab/clinic/?clinicID=9&date=2011-10-19" "Mozilla/5.0 (X11; Linux x86_64) AppleWebKit/534.30 (KHTML, like Gecko) Ubuntu/10.04 Chromium/12.0.742.112 Chrome/12.0.742.112 Safari/534.30"
192.168.1.91 - - [07/Oct/2011:09:39:45 +0000] "GET /tcp/fcd24e3b4a4b408dafe16a84b7fca513/longpoll?nocache=0.4725330581422895&ack=29 HTTP/1.1" 200 12 "http://ditchyourip.com/jqmtab/clinic/?clinicID=9&date=2011-10-19" "Mozilla/5.0 (X11; Linux x86_64) AppleWebKit/534.30 (KHTML, like Gecko) Ubuntu/10.04 Chromium/12.0.742.112 Chrome/12.0.742.112 Safari/534.30"
192.168.1.232 - - [07/Oct/2011:09:39:53 +0000] "GET /jqmtab/ HTTP/1.1" 200 11748 "http://192.168.1.91/jqmtab/clinic/?clinicID=9&date=2011-10-04" "Mozilla/5.0 (Linux; U; Android 2.3; en-in; iBall Slide i7011 Build/GINGERBREAD) AppleWebKit/533.1 (KHTML, like Gecko) Version/4.0 Mobile Safari/533.1"
192.168.1.232 - - [07/Oct/2011:09:40:09 +0000] "GET /jqmtab/clinic/?clinicID=9&date=2011-10-03 HTTP/1.1" 200 21314 "http://192.168.1.91/jqmtab/clinic/?clinicID=9&date=2011-10-04" "Mozilla/5.0 (Linux; U; Android 2.3; en-in; iBall Slide i7011 Build/GINGERBREAD) AppleWebKit/533.1 (KHTML, like Gecko) Version/4.0 Mobile Safari/533.1"
192.168.1.232 - - [07/Oct/2011:09:40:10 +0000] "GET /tcp?nocache=0.49047256354242563 HTTP/1.1" 200 32 "http://192.168.1.91/jqmtab/clinic/?clinicID=9&date=2011-10-04" "Mozilla/5.0 (Linux; U; Android 2.3; en-in; iBall Slide i7011 Build/GINGERBREAD) AppleWebKit/533.1 (KHTML, like Gecko) Version/4.0 Mobile Safari/533.1"
192.168.1.232 - - [07/Oct/2011:09:40:11 +0000] "GET /tcp/0a5331354f6c475fb562bc2532e7050c/longpoll?nocache=0.49047256354242563 HTTP/1.1" 200 68 "http://192.168.1.91/jqmtab/clinic/?clinicID=9&date=2011-10-04" "Mozilla/5.0 (Linux; U; Android 2.3; en-in; iBall Slide i7011 Build/GINGERBREAD) AppleWebKit/533.1 (KHTML, like Gecko) Version/4.0 Mobile Safari/533.1"
192.168.1.232 - - [07/Oct/2011:09:40:11 +0000] "POST /tcp/0a5331354f6c475fb562bc2532e7050c?nocache=0.49047256354242563&ack=2 HTTP/1.1" 200 2 "http://192.168.1.91/jqmtab/clinic/?clinicID=9&date=2011-10-04" "Mozilla/5.0 (Linux; U; Android 2.3; en-in; iBall Slide i7011 Build/GINGERBREAD) AppleWebKit/533.1 (KHTML, like Gecko) Version/4.0 Mobile Safari/533.1"
192.168.1.232 - - [07/Oct/2011:09:40:11 +0000] "GET /tcp/0a5331354f6c475fb562bc2532e7050c/longpoll?nocache=0.49047256354242563&ack=2 HTTP/1.1" 200 18 "http://192.168.1.91/jqmtab/clinic/?clinicID=9&date=2011-10-04" "Mozilla/5.0 (Linux; U; Android 2.3; en-in; iBall Slide i7011 Build/GINGERBREAD) AppleWebKit/533.1 (KHTML, like Gecko) Version/4.0 Mobile Safari/533.1"
192.168.1.232 - - [07/Oct/2011:09:40:11 +0000] "POST /tcp/0a5331354f6c475fb562bc2532e7050c?nocache=0.49047256354242563&ack=3 HTTP/1.1" 200 2 "http://192.168.1.91/jqmtab/clinic/?clinicID=9&date=2011-10-04" "Mozilla/5.0 (Linux; U; Android 2.3; en-in; iBall Slide i7011 Build/GINGERBREAD) AppleWebKit/533.1 (KHTML, like Gecko) Version/4.0 Mobile Safari/533.1"
192.168.1.232 - - [07/Oct/2011:09:40:11 +0000] "GET /tcp/0a5331354f6c475fb562bc2532e7050c/longpoll?nocache=0.49047256354242563&ack=3 HTTP/1.1" 200 51 "http://192.168.1.91/jqmtab/clinic/?clinicID=9&date=2011-10-04" "Mozilla/5.0 (Linux; U; Android 2.3; en-in; iBall Slide i7011 Build/GINGERBREAD) AppleWebKit/533.1 (KHTML, like Gecko) Version/4.0 Mobile Safari/533.1"
192.168.1.232 - - [07/Oct/2011:09:40:11 +0000] "POST /tcp/0a5331354f6c475fb562bc2532e7050c?nocache=0.49047256354242563&ack=4 HTTP/1.1" 200 2 "http://192.168.1.91/jqmtab/clinic/?clinicID=9&date=2011-10-04" "Mozilla/5.0 (Linux; U; Android 2.3; en-in; iBall Slide i7011 Build/GINGERBREAD) AppleWebKit/533.1 (KHTML, like Gecko) Version/4.0 Mobile Safari/533.1"
192.168.1.91 - - [07/Oct/2011:09:40:15 +0000] "GET /tcp/fcd24e3b4a4b408dafe16a84b7fca513/longpoll?nocache=0.4725330581422895&ack=30 HTTP/1.1" 200 - "http://ditchyourip.com/jqmtab/clinic/?clinicID=9&date=2011-10-19" "Mozilla/5.0 (X11; Linux x86_64) AppleWebKit/534.30 (KHTML, like Gecko) Ubuntu/10.04 Chromium/12.0.742.112 Chrome/12.0.742.112 Safari/534.30"
192.168.1.91 - - [07/Oct/2011:09:40:15 +0000] "GET /tcp/fcd24e3b4a4b408dafe16a84b7fca513/longpoll?nocache=0.4725330581422895&ack=30 HTTP/1.1" 200 12 "http://ditchyourip.com/jqmtab/clinic/?clinicID=9&date=2011-10-19" "Mozilla/5.0 (X11; Linux x86_64) AppleWebKit/534.30 (KHTML, like Gecko) Ubuntu/10.04 Chromium/12.0.742.112 Chrome/12.0.742.112 Safari/534.30"
192.168.1.232 - - [07/Oct/2011:09:40:41 +0000] "GET /tcp/0a5331354f6c475fb562bc2532e7050c/longpoll?nocache=0.49047256354242563&ack=4 HTTP/1.1" 200 - "http://192.168.1.91/jqmtab/clinic/?clinicID=9&date=2011-10-04" "Mozilla/5.0 (Linux; U; Android 2.3; en-in; iBall Slide i7011 Build/GINGERBREAD) AppleWebKit/533.1 (KHTML, like Gecko) Version/4.0 Mobile Safari/533.1"
192.168.1.232 - - [07/Oct/2011:09:40:41 +0000] "GET /tcp/0a5331354f6c475fb562bc2532e7050c/longpoll?nocache=0.49047256354242563&ack=4 HTTP/1.1" 200 11 "http://192.168.1.91/jqmtab/clinic/?clinicID=9&date=2011-10-04" "Mozilla/5.0 (Linux; U; Android 2.3; en-in; iBall Slide i7011 Build/GINGERBREAD) AppleWebKit/533.1 (KHTML, like Gecko) Version/4.0 Mobile Safari/533.1"
192.168.1.91 - - [07/Oct/2011:09:40:45 +0000] "GET /tcp/fcd24e3b4a4b408dafe16a84b7fca513/longpoll?nocache=0.4725330581422895&ack=31 HTTP/1.1" 200 - "http://ditchyourip.com/jqmtab/clinic/?clinicID=9&date=2011-10-19" "Mozilla/5.0 (X11; Linux x86_64) AppleWebKit/534.30 (KHTML, like Gecko) Ubuntu/10.04 Chromium/12.0.742.112 Chrome/12.0.742.112 Safari/534.30"
192.168.1.91 - - [07/Oct/2011:09:40:45 +0000] "GET /tcp/fcd24e3b4a4b408dafe16a84b7fca513/longpoll?nocache=0.4725330581422895&ack=31 HTTP/1.1" 200 12 "http://ditchyourip.com/jqmtab/clinic/?clinicID=9&date=2011-10-19" "Mozilla/5.0 (X11; Linux x86_64) AppleWebKit/534.30 (KHTML, like Gecko) Ubuntu/10.04 Chromium/12.0.742.112 Chrome/12.0.742.112 Safari/534.30"
192.168.1.232 - - [07/Oct/2011:09:41:11 +0000] "GET /tcp/0a5331354f6c475fb562bc2532e7050c/longpoll?nocache=0.49047256354242563&ack=5 HTTP/1.1" 200 - "http://192.168.1.91/jqmtab/clinic/?clinicID=9&date=2011-10-04" "Mozilla/5.0 (Linux; U; Android 2.3; en-in; iBall Slide i7011 Build/GINGERBREAD) AppleWebKit/533.1 (KHTML, like Gecko) Version/4.0 Mobile Safari/533.1"
192.168.1.232 - - [07/Oct/2011:09:41:13 +0000] "GET /tcp/0a5331354f6c475fb562bc2532e7050c/longpoll?nocache=0.49047256354242563&ack=5 HTTP/1.1" 200 11 "http://192.168.1.91/jqmtab/clinic/?clinicID=9&date=2011-10-04" "Mozilla/5.0 (Linux; U; Android 2.3; en-in; iBall Slide i7011 Build/GINGERBREAD) AppleWebKit/533.1 (KHTML, like Gecko) Version/4.0 Mobile Safari/533.1"
192.168.1.91 - - [07/Oct/2011:09:41:15 +0000] "GET /tcp/fcd24e3b4a4b408dafe16a84b7fca513/longpoll?nocache=0.4725330581422895&ack=32 HTTP/1.1" 200 - "http://ditchyourip.com/jqmtab/clinic/?clinicID=9&date=2011-10-19" "Mozilla/5.0 (X11; Linux x86_64) AppleWebKit/534.30 (KHTML, like Gecko) Ubuntu/10.04 Chromium/12.0.742.112 Chrome/12.0.742.112 Safari/534.30"
192.168.1.91 - - [07/Oct/2011:09:41:15 +0000] "GET /tcp/fcd24e3b4a4b408dafe16a84b7fca513/longpoll?nocache=0.4725330581422895&ack=32 HTTP/1.1" 200 12 "http://ditchyourip.com/jqmtab/clinic/?clinicID=9&date=2011-10-19" "Mozilla/5.0 (X11; Linux x86_64) AppleWebKit/534.30 (KHTML, like Gecko) Ubuntu/10.04 Chromium/12.0.742.112 Chrome/12.0.742.112 Safari/534.30"
192.168.1.232 - - [07/Oct/2011:09:41:44 +0000] "GET /tcp/0a5331354f6c475fb562bc2532e7050c/longpoll?nocache=0.49047256354242563&ack=6 HTTP/1.1" 200 - "http://192.168.1.91/jqmtab/clinic/?clinicID=9&date=2011-10-04" "Mozilla/5.0 (Linux; U; Android 2.3; en-in; iBall Slide i7011 Build/GINGERBREAD) AppleWebKit/533.1 (KHTML, like Gecko) Version/4.0 Mobile Safari/533.1"
192.168.1.232 - - [07/Oct/2011:09:41:44 +0000] "GET /tcp/0a5331354f6c475fb562bc2532e7050c/longpoll?nocache=0.49047256354242563&ack=6 HTTP/1.1" 200 11 "http://192.168.1.91/jqmtab/clinic/?clinicID=9&date=2011-10-04" "Mozilla/5.0 (Linux; U; Android 2.3; en-in; iBall Slide i7011 Build/GINGERBREAD) AppleWebKit/533.1 (KHTML, like Gecko) Version/4.0 Mobile Safari/533.1"
192.168.1.91 - - [07/Oct/2011:09:41:46 +0000] "GET /tcp/fcd24e3b4a4b408dafe16a84b7fca513/longpoll?nocache=0.4725330581422895&ack=33 HTTP/1.1" 200 - "http://ditchyourip.com/jqmtab/clinic/?clinicID=9&date=2011-10-19" "Mozilla/5.0 (X11; Linux x86_64) AppleWebKit/534.30 (KHTML, like Gecko) Ubuntu/10.04 Chromium/12.0.742.112 Chrome/12.0.742.112 Safari/534.30"
192.168.1.91 - - [07/Oct/2011:09:41:46 +0000] "GET /tcp/fcd24e3b4a4b408dafe16a84b7fca513/longpoll?nocache=0.4725330581422895&ack=33 HTTP/1.1" 200 12 "http://ditchyourip.com/jqmtab/clinic/?clinicID=9&date=2011-10-19" "Mozilla/5.0 (X11; Linux x86_64) AppleWebKit/534.30 (KHTML, like Gecko) Ubuntu/10.04 Chromium/12.0.742.112 Chrome/12.0.742.112 Safari/534.30"
192.168.1.91 - - [07/Oct/2011:09:42:07 +0000] "GET /jqmtab HTTP/1.1" 301 - "-" "Mozilla/5.0 (X11; Linux x86_64) AppleWebKit/534.30 (KHTML, like Gecko) Ubuntu/10.04 Chromium/12.0.742.112 Chrome/12.0.742.112 Safari/534.30"
192.168.1.91 - - [07/Oct/2011:09:42:07 +0000] "GET /jqmtab/ HTTP/1.1" 200 11748 "-" "Mozilla/5.0 (X11; Linux x86_64) AppleWebKit/534.30 (KHTML, like Gecko) Ubuntu/10.04 Chromium/12.0.742.112 Chrome/12.0.742.112 Safari/534.30"
192.168.1.91 - - [07/Oct/2011:09:42:08 +0000] "GET /static/jqmobile/js/jqmtab_frontdesk.js HTTP/1.1" 304 - "http://ditchyourip.com/jqmtab/" "Mozilla/5.0 (X11; Linux x86_64) AppleWebKit/534.30 (KHTML, like Gecko) Ubuntu/10.04 Chromium/12.0.742.112 Chrome/12.0.742.112 Safari/534.30"
192.168.1.91 - - [07/Oct/2011:09:42:08 +0000] "GET /static/jqmobile/js/jqmtab_shadow.js HTTP/1.1" 304 - "http://ditchyourip.com/jqmtab/" "Mozilla/5.0 (X11; Linux x86_64) AppleWebKit/534.30 (KHTML, like Gecko) Ubuntu/10.04 Chromium/12.0.742.112 Chrome/12.0.742.112 Safari/534.30"
192.168.1.91 - - [07/Oct/2011:09:42:08 +0000] "GET /static/jqmobile/js/jqmtab_report.js HTTP/1.1" 304 - "http://ditchyourip.com/jqmtab/" "Mozilla/5.0 (X11; Linux x86_64) AppleWebKit/534.30 (KHTML, like Gecko) Ubuntu/10.04 Chromium/12.0.742.112 Chrome/12.0.742.112 Safari/534.30"
192.168.1.232 - - [07/Oct/2011:09:42:14 +0000] "GET /tcp/0a5331354f6c475fb562bc2532e7050c/longpoll?nocache=0.49047256354242563&ack=7 HTTP/1.1" 200 - "http://192.168.1.91/jqmtab/clinic/?clinicID=9&date=2011-10-04" "Mozilla/5.0 (Linux; U; Android 2.3; en-in; iBall Slide i7011 Build/GINGERBREAD) AppleWebKit/533.1 (KHTML, like Gecko) Version/4.0 Mobile Safari/533.1"
192.168.1.232 - - [07/Oct/2011:09:42:15 +0000] "GET /tcp/0a5331354f6c475fb562bc2532e7050c/longpoll?nocache=0.49047256354242563&ack=7 HTTP/1.1" 200 11 "http://192.168.1.91/jqmtab/clinic/?clinicID=9&date=2011-10-04" "Mozilla/5.0 (Linux; U; Android 2.3; en-in; iBall Slide i7011 Build/GINGERBREAD) AppleWebKit/533.1 (KHTML, like Gecko) Version/4.0 Mobile Safari/533.1"
192.168.1.91 - - [07/Oct/2011:09:42:16 +0000] "GET /jqmtab/changedate/ HTTP/1.1" 200 439 "http://ditchyourip.com/jqmtab/" "Mozilla/5.0 (X11; Linux x86_64) AppleWebKit/534.30 (KHTML, like Gecko) Ubuntu/10.04 Chromium/12.0.742.112 Chrome/12.0.742.112 Safari/534.30"
